******************************************************************************
                  TI ARM Linker PC v20.2.1                     
******************************************************************************
>> Linked Tue Oct 12 22:06:02 2021

OUTPUT FILE NAME:   <FLOW_Controller.out>
ENTRY POINT SYMBOL: "_c_int00_noargs"  address: 00005ae5


MEMORY CONFIGURATION

         name            origin    length      used     unused   attr    fill
----------------------  --------  ---------  --------  --------  ----  --------
  FLASH                 00000000   00040000  000062f7  00039d09  R  X
  SRAM                  20000000   00008000  00007bc5  0000043b  RW X


SEGMENT ALLOCATION MAP

run origin  load origin   length   init length attrs members
----------  ----------- ---------- ----------- ----- -------
00000000    00000000    000062f8   000062f8    r-x
  00000000    00000000    0000026c   0000026c    r-- .intvecs
  0000026c    0000026c    000058f4   000058f4    r-x .text
  00005b60    00005b60    0000072f   0000072f    r-- .const
  00006290    00006290    00000068   00000068    r-- .cinit
20000000    20000000    00007bc5   00000000    rw-
  20000000    20000000    0000026c   00000000    rw- .vtable
  2000026c    2000026c    000076ec   00000000    rw- .bss
  20007958    20007958    00000200   00000000    rw- .stack
  20007b58    20007b58    0000006d   00000000    rw- .data


SECTION ALLOCATION MAP

 output                                  attributes/
section   page    origin      length       input sections
--------  ----  ----------  ----------   ----------------
.intvecs   0    00000000    0000026c     
                  00000000    0000026c     tm4c123gh6pm_startup_ccs.obj (.intvecs)

.text      0    0000026c    000058f4     
                  0000026c    00001768     tasks.obj (.text)
                  000019d4    00000f80     sysctl.obj (.text)
                  00002954    00000b94     gpio.obj (.text)
                  000034e8    000006c8     i2c.obj (.text)
                  00003bb0    00000632     timer.obj (.text)
                  000041e2    00000002     --HOLE-- [fill = 0]
                  000041e4    0000062e     uart.obj (.text)
                  00004812    00000002     --HOLE-- [fill = 0]
                  00004814    00000560     I2C_Manage.obj (.text)
                  00004d74    000003c0     interrupt.obj (.text)
                  00005134    000001b8     heap_2.obj (.text)
                  000052ec    0000012a     list.obj (.text)
                  00005416    00000002     --HOLE-- [fill = 0]
                  00005418    00000128     port.obj (.text)
                  00005540    000000d8     UART_Manager.obj (.text)
                  00005618    000000d2     portasm.obj (.text)
                  000056ea    00000002     --HOLE-- [fill = 0]
                  000056ec    000000a8     Pins.obj (.text)
                  00005794    0000009c     rtsv7M4_T_le_v4SPD16_eabi.lib : memcpy_t2.asm.obj (.text)
                  00005830    00000084     Schedule.obj (.text)
                  000058b4    0000007c     Timer_Manage.obj (.text)
                  00005930    0000007a     rtsv7M4_T_le_v4SPD16_eabi.lib : memset_t2.asm.obj (.text)
                  000059aa    00000068                                   : copy_decompress_lzss.c.obj (.text:decompress:lzss:__TI_decompress_lzss)
                  00005a12    00000002     --HOLE-- [fill = 0]
                  00005a14    0000004c     Prop_Valve.obj (.text)
                  00005a60    00000044     rtsv7M4_T_le_v4SPD16_eabi.lib : autoinit.c.obj (.text:__TI_auto_init_nobinit_nopinit:__TI_auto_init_nobinit_nopinit)
                  00005aa4    0000003e     cpu.obj (.text)
                  00005ae2    00000002     --HOLE-- [fill = 0]
                  00005ae4    00000034     rtsv7M4_T_le_v4SPD16_eabi.lib : boot_cortex_m.c.obj (.text:_c_int00_noargs:_c_int00_noargs)
                  00005b18    00000014     main.obj (.text)
                  00005b2c    0000000e     rtsv7M4_T_le_v4SPD16_eabi.lib : copy_decompress_none.c.obj (.text:decompress:none:__TI_decompress_none)
                  00005b3a    0000000c                                   : copy_zero_init.c.obj (.text:decompress:ZI:__TI_zero_init)
                  00005b46    0000000c     tm4c123gh6pm_startup_ccs.obj (.text)
                  00005b52    00000006     sysctl.obj (.text:SysCtlDelay)
                  00005b58    00000004     rtsv7M4_T_le_v4SPD16_eabi.lib : pre_init.c.obj (.text:_system_pre_init)
                  00005b5c    00000004                                   : exit.c.obj (.text:abort:abort)

.const     0    00005b60    0000072f     
                  00005b60    000001b0     sysctl.obj (.const:g_pppui32XTALtoVCO)
                  00005d10    000000d8     gpio.obj (.const:g_ppui32GPIOIntMapSnowflake)
                  00005de8    000000c0     gpio.obj (.const:g_ppui32GPIOIntMapBlizzard)
                  00005ea8    0000009c     interrupt.obj (.const:g_pui32Regs)
                  00005f44    00000090     gpio.obj (.const:g_pui32GPIOBaseAddrs)
                  00005fd4    0000006c     sysctl.obj (.const:g_pui32Xtals)
                  00006040    00000060     timer.obj (.const:g_ppui32TimerIntMap)
                  000060a0    00000050     i2c.obj (.const:g_ppui32I2CIntMapSnowflake)
                  000060f0    00000040     timer.obj (.const:g_ppui32TimerIntMapSnowflake)
                  00006130    00000040     uart.obj (.const:g_ppui32UARTIntMap)
                  00006170    00000040     uart.obj (.const:g_ppui32UARTIntMapSnowflake)
                  000061b0    00000030     i2c.obj (.const:g_ppui32I2CIntMap)
                  000061e0    00000030     sysctl.obj (.const:g_sXTALtoMEMTIM)
                  00006210    00000020     interrupt.obj (.const:g_pui32Priority)
                  00006230    00000014     interrupt.obj (.const:g_pui32Dii16Regs)
                  00006244    00000014     interrupt.obj (.const:g_pui32EnRegs)
                  00006258    00000014     interrupt.obj (.const:g_pui32PendRegs)
                  0000626c    00000014     interrupt.obj (.const:g_pui32UnpendRegs)
                  00006280    00000008     sysctl.obj (.const:g_pui32VCOFrequencies)
                  00006288    00000004     port.obj (.const)
                  0000628c    00000003     Prop_Valve.obj (.const:.string:$P$T0$1)

.cinit     0    00006290    00000068     
                  00006290    00000032     (.cinit..data.load) [load image, compression = lzss]
                  000062c2    00000002     --HOLE-- [fill = 0]
                  000062c4    0000000c     (__TI_handler_table)
                  000062d0    00000008     (.cinit..bss.load) [load image, compression = zero_init]
                  000062d8    00000008     (.cinit..vtable.load) [load image, compression = zero_init]
                  000062e0    00000018     (__TI_cinit_table)

.init_array 
*          0    00000000    00000000     UNINITIALIZED

.vtable    0    20000000    0000026c     UNINITIALIZED
                  20000000    0000026c     interrupt.obj (.vtable)

.bss       0    2000026c    000076ec     UNINITIALIZED
                  2000026c    00007530     heap_2.obj (.bss:ucHeap)
                  2000779c    00000140     tasks.obj (.bss:pxReadyTasksLists)
                  200078dc    00000014     tasks.obj (.bss:xDelayedTaskList1)
                  200078f0    00000014     tasks.obj (.bss:xDelayedTaskList2)
                  20007904    00000014     tasks.obj (.bss:xPendingReadyList)
                  20007918    00000014     tasks.obj (.bss:xSuspendedTaskList)
                  2000792c    00000014     tasks.obj (.bss:xTasksWaitingTermination)
                  20007940    00000008     tasks.obj (.bss)
                  20007948    00000008     heap_2.obj (.bss:xEnd)
                  20007950    00000008     heap_2.obj (.bss:xStart)

.data      0    20007b58    0000006d     UNINITIALIZED
                  20007b58    00000030     tasks.obj (.data)
                  20007b88    00000020     Pins.obj (.data:astrOutputPins)
                  20007ba8    00000010     I2C_Manage.obj (.data:I2C_Bases)
                  20007bb8    00000008     heap_2.obj (.data)
                  20007bc0    00000004     port.obj (.data)
                  20007bc4    00000001     Timer_Manage.obj (.data)

.stack     0    20007958    00000200     UNINITIALIZED
                  20007958    00000004     rtsv7M4_T_le_v4SPD16_eabi.lib : boot_cortex_m.c.obj (.stack)
                  2000795c    000001fc     --HOLE--

__llvm_prf_cnts 
*          0    20000000    00000000     UNINITIALIZED

MODULE SUMMARY

       Module                         code    ro data   rw data
       ------                         ----    -------   -------
    .\
       tm4c123gh6pm_startup_ccs.obj   12      620       0      
       main.obj                       20      0         0      
    +--+------------------------------+-------+---------+---------+
       Total:                         32      620       0      
                                                               
    .\APP\schedule\
       Schedule.obj                   132     0         0      
    +--+------------------------------+-------+---------+---------+
       Total:                         132     0         0      
                                                               
    .\HAL\PropValve\
       Prop_Valve.obj                 76      3         0      
    +--+------------------------------+-------+---------+---------+
       Total:                         76      3         0      
                                                               
    .\MCAL\I2C\
       I2C_Manage.obj                 1376    0         16     
    +--+------------------------------+-------+---------+---------+
       Total:                         1376    0         16     
                                                               
    .\MCAL\Pins\
       Pins.obj                       168     0         32     
    +--+------------------------------+-------+---------+---------+
       Total:                         168     0         32     
                                                               
    .\MCAL\Timer\
       Timer_Manage.obj               124     0         1      
    +--+------------------------------+-------+---------+---------+
       Total:                         124     0         1      
                                                               
    .\MCAL\UART\
       UART_Manager.obj               216     0         0      
    +--+------------------------------+-------+---------+---------+
       Total:                         216     0         0      
                                                               
    .\MCAL\driverlib\
       sysctl.obj                     3974    596       0      
       gpio.obj                       2964    552       0      
       i2c.obj                        1736    128       0      
       interrupt.obj                  960     268       620    
       timer.obj                      1586    160       0      
       uart.obj                       1582    128       0      
       cpu.obj                        62      0         0      
    +--+------------------------------+-------+---------+---------+
       Total:                         12864   1832      620    
                                                               
    .\OS\FreeRTOS\Source\
       tasks.obj                      5992    0         476    
       list.obj                       298     0         0      
    +--+------------------------------+-------+---------+---------+
       Total:                         6290    0         476    
                                                               
    .\OS\FreeRTOS\Source\portable\CCS\ARM_CM4F\
       port.obj                       296     4         4      
       portasm.obj                    210     0         0      
    +--+------------------------------+-------+---------+---------+
       Total:                         506     4         4      
                                                               
    .\OS\FreeRTOS\Source\portable\MemMang\
       heap_2.obj                     440     0         30024  
    +--+------------------------------+-------+---------+---------+
       Total:                         440     0         30024  
                                                               
    C:\ti\ccs1011\ccs\tools\compiler\ti-cgt-arm_20.2.1.LTS\lib\rtsv7M4_T_le_v4SPD16_eabi.lib
       memcpy_t2.asm.obj              156     0         0      
       memset_t2.asm.obj              122     0         0      
       copy_decompress_lzss.c.obj     104     0         0      
       autoinit.c.obj                 68      0         0      
       boot_cortex_m.c.obj            52      0         0      
       copy_decompress_none.c.obj     14      0         0      
       copy_zero_init.c.obj           12      0         0      
       exit.c.obj                     4       0         0      
       pre_init.c.obj                 4       0         0      
    +--+------------------------------+-------+---------+---------+
       Total:                         536     0         0      
                                                               
       Stack:                         0       0         512    
       Linker Generated:              0       102       0      
    +--+------------------------------+-------+---------+---------+
       Grand Total:                   22760   2561      31685  


LINKER GENERATED COPY TABLES

__TI_cinit_table @ 000062e0 records: 3, size/record: 8, table size: 24
	.data: load addr=00006290, load size=00000032 bytes, run addr=20007b58, run size=0000006d bytes, compression=lzss
	.bss: load addr=000062d0, load size=00000008 bytes, run addr=2000026c, run size=000076ec bytes, compression=zero_init
	.vtable: load addr=000062d8, load size=00000008 bytes, run addr=20000000, run size=0000026c bytes, compression=zero_init


LINKER GENERATED HANDLER TABLE

__TI_handler_table @ 000062c4 records: 3, size/record: 4, table size: 12
	index: 0, handler: __TI_zero_init
	index: 1, handler: __TI_decompress_lzss
	index: 2, handler: __TI_decompress_none


GLOBAL SYMBOLS: SORTED ALPHABETICALLY BY Name 

address   name                             
-------   ----                             
00005b5d  C$$EXIT                          
00005ad9  CPUbasepriGet                    
00005acb  CPUbasepriSet                    
00005aa5  CPUcpsid                         
00005abb  CPUcpsie                         
00005ab1  CPUprimask                       
00005ac7  CPUwfi                           
000034c1  GPIOADCTriggerDisable            
000034a3  GPIOADCTriggerEnable             
00003485  GPIODMATriggerDisable            
00003467  GPIODMATriggerEnable             
00002a0f  GPIODirModeGet                   
000029b3  GPIODirModeSet                   
00002f77  GPIOIntClear                     
00002f3b  GPIOIntDisable                   
00002f21  GPIOIntEnable                    
00002f8b  GPIOIntRegister                  
00002fc3  GPIOIntRegisterPin               
00002f55  GPIOIntStatus                    
00002aff  GPIOIntTypeGet                   
00002a5b  GPIOIntTypeSet                   
00002fa9  GPIOIntUnregister                
00002ff1  GPIOIntUnregisterPin             
00002dcf  GPIOPadConfigGet                 
00002b95  GPIOPadConfigSet                 
00003409  GPIOPinConfigure                 
00003015  GPIOPinRead                      
0000304d  GPIOPinTypeADC                   
00003071  GPIOPinTypeCAN                   
00003095  GPIOPinTypeComparator            
000030b9  GPIOPinTypeComparatorOutput      
000030dd  GPIOPinTypeDIVSCLK               
00003101  GPIOPinTypeEPI                   
00003125  GPIOPinTypeEthernetLED           
00003149  GPIOPinTypeEthernetMII           
0000316d  GPIOPinTypeGPIOInput             
00003191  GPIOPinTypeGPIOOutput            
000031b5  GPIOPinTypeGPIOOutputOD          
000031d9  GPIOPinTypeHibernateRTCCLK       
000031fd  GPIOPinTypeI2C                   
00003221  GPIOPinTypeI2CSCL                
00003245  GPIOPinTypeLCD                   
00003269  GPIOPinTypeOneWire               
0000328d  GPIOPinTypePWM                   
000032b1  GPIOPinTypeQEI                   
000032d5  GPIOPinTypeSSI                   
000032f9  GPIOPinTypeTimer                 
0000331d  GPIOPinTypeTrace                 
00003341  GPIOPinTypeUART                  
00003365  GPIOPinTypeUSBAnalog             
00003389  GPIOPinTypeUSBDigital            
000033ad  GPIOPinTypeWakeHigh              
000033d3  GPIOPinTypeWakeLow               
000033f9  GPIOPinWakeStatus                
0000302d  GPIOPinWrite                     
00003aaf  I2CFIFODataGet                   
00003ac9  I2CFIFODataGetNonBlocking        
00003a65  I2CFIFODataPut                   
00003a87  I2CFIFODataPutNonBlocking        
00003a55  I2CFIFOStatus                    
00003655  I2CIntRegister                   
00003673  I2CIntUnregister                 
00003b8b  I2CLoopbackEnable                
00003b05  I2CMasterBurstCountGet           
00003aef  I2CMasterBurstLengthSet          
000038ad  I2CMasterBusBusy                 
00003895  I2CMasterBusy                    
000038c5  I2CMasterControl                 
00003919  I2CMasterDataGet                 
00003903  I2CMasterDataPut                 
00003621  I2CMasterDisable                 
000035ed  I2CMasterEnable                  
000038d7  I2CMasterErr                     
00003b13  I2CMasterGlitchFilterConfigSet   
00003547  I2CMasterInitExpClk              
0000380d  I2CMasterIntClear                
0000382d  I2CMasterIntClearEx              
000036e7  I2CMasterIntDisable              
000036f7  I2CMasterIntDisableEx            
0000368d  I2CMasterIntEnable               
0000369d  I2CMasterIntEnableEx             
00003741  I2CMasterIntStatus               
0000377b  I2CMasterIntStatusEx             
00003887  I2CMasterLineStateGet            
00003865  I2CMasterSlaveAddrSet            
00003927  I2CMasterTimeoutSet              
00004c0d  I2CReadBytes                     
00004983  I2CReceiveBytes                  
000048fb  I2CReceiveOneByte                
00003a15  I2CRxFIFOConfigSet               
00003a3d  I2CRxFIFOFlush                   
00004b11  I2CSendString                    
00003939  I2CSlaveACKOverride              
0000396b  I2CSlaveACKValueSet              
000035af  I2CSlaveAddressSet               
000039c5  I2CSlaveDataGet                  
000039ad  I2CSlaveDataPut                  
00003637  I2CSlaveDisable                  
00003603  I2CSlaveEnable                   
00003b79  I2CSlaveFIFODisable              
00003b61  I2CSlaveFIFOEnable               
00003595  I2CSlaveInit                     
0000383f  I2CSlaveIntClear                 
00003851  I2CSlaveIntClearEx               
0000370f  I2CSlaveIntDisable               
00003727  I2CSlaveIntDisableEx             
000036b5  I2CSlaveIntEnable                
000036cd  I2CSlaveIntEnableEx              
000037ad  I2CSlaveIntStatus                
000037eb  I2CSlaveIntStatusEx              
0000399d  I2CSlaveStatus                   
000039d5  I2CTxFIFOConfigSet               
000039fd  I2CTxFIFOFlush                   
20007ba8  I2C_Bases                        
00005541  ISR_UART1IntHandler              
00004815  InitI2C                          
00004f35  IntDisable                       
00004ec3  IntEnable                        
00004fa7  IntIsEnabled                     
00004d87  IntMasterDisable                 
00004d77  IntMasterEnable                  
0000509d  IntPendClear                     
0000502d  IntPendSet                       
00004e9f  IntPriorityGet                   
00004e17  IntPriorityGroupingGet           
00004dfd  IntPriorityGroupingSet           
000050f7  IntPriorityMaskGet               
000050eb  IntPriorityMaskSet               
00004e4f  IntPrioritySet                   
00004d97  IntRegister                      
000050ff  IntTrigger                       
00004de9  IntUnregister                    
000056ed  PIN_vidInit                      
0000575f  PIN_vidSetPin                    
00005b47  ResetISR                         
00005853  ScheduleTaskInit                 
00005a15  SetValveVoltage                  
00002911  SysCtlAltClkConfig               
00002039  SysCtlClockFreqSet               
00002501  SysCtlClockGet                   
000028f5  SysCtlClockOutConfig             
00002331  SysCtlClockSet                   
00001f3d  SysCtlDeepSleep                  
000026c5  SysCtlDeepSleepClockConfigSet    
000026a7  SysCtlDeepSleepClockSet          
00001f1d  SysCtlDeepSleepPowerSet          
00005b53  SysCtlDelay                      
00001acb  SysCtlFlashSectorSizeGet         
00001a9f  SysCtlFlashSizeGet               
0000279b  SysCtlGPIOAHBDisable             
0000277f  SysCtlGPIOAHBEnable              
00001eb1  SysCtlIntClear                   
00001e99  SysCtlIntDisable                 
00001e85  SysCtlIntEnable                  
00001e5d  SysCtlIntRegister                
00001ec1  SysCtlIntStatus                  
00001e75  SysCtlIntUnregister              
00001f03  SysCtlLDODeepSleepGet            
00001ef3  SysCtlLDODeepSleepSet            
00001eed  SysCtlLDOSleepGet                
00001edd  SysCtlLDOSleepSet                
00001f73  SysCtlMOSCConfigSet              
000028d9  SysCtlNMIClear                   
000028c5  SysCtlNMIStatus                  
00001f89  SysCtlPIOSCCalibrate             
00002769  SysCtlPWMClockGet                
0000274f  SysCtlPWMClockSet                
00001e09  SysCtlPeripheralClockGating      
00001dc1  SysCtlPeripheralDeepSleepDisable 
00001d71  SysCtlPeripheralDeepSleepEnable  
00001cad  SysCtlPeripheralDisable          
00001c71  SysCtlPeripheralEnable           
00001bad  SysCtlPeripheralPowerOff         
00001b71  SysCtlPeripheralPowerOn          
00001af1  SysCtlPeripheralPresent          
00001b31  SysCtlPeripheralReady            
00001be9  SysCtlPeripheralReset            
00001d35  SysCtlPeripheralSleepDisable     
00001cf1  SysCtlPeripheralSleepEnable      
00001f2d  SysCtlReset                      
00001fe9  SysCtlResetBehaviorGet           
00001fd9  SysCtlResetBehaviorSet           
00001f5f  SysCtlResetCauseClear            
00001f59  SysCtlResetCauseGet              
00001a95  SysCtlSRAMSizeGet                
00001f35  SysCtlSleep                      
00001f09  SysCtlSleepPowerSet              
000027c3  SysCtlUSBPLLDisable              
000027b7  SysCtlUSBPLLEnable               
00002809  SysCtlVCOGet                     
000027f1  SysCtlVoltageEventClear          
000027d5  SysCtlVoltageEventConfig         
000027e5  SysCtlVoltageEventStatus         
0000590f  TIM_bGetTimerFlag                
00005915  TIM_vidClearTimerFlag            
00004161  TimerADCEventGet                 
0000414f  TimerADCEventSet                 
00003e79  TimerClockSourceGet              
00003e5b  TimerClockSourceSet              
00003c5f  TimerConfigure                   
00003d6f  TimerControlEvent                
00003ccb  TimerControlLevel                
00003d99  TimerControlStall                
00003d01  TimerControlTrigger              
00003dcf  TimerControlWaitOnTrigger        
00004181  TimerDMAEventGet                 
0000416f  TimerDMAEventSet                 
00003c41  TimerDisable                     
00003c23  TimerEnable                      
0000412b  TimerIntClear                    
000040f5  TimerIntDisable                  
000040dd  TimerIntEnable                   
00004097  TimerIntRegister                 
0000410d  TimerIntStatus                   
000040bf  TimerIntUnregister               
00003f4f  TimerLoadGet                     
00003f85  TimerLoadGet64                   
00003f25  TimerLoadSet                     
00003f6b  TimerLoadSet64                   
0000402f  TimerMatchGet                    
00004065  TimerMatchGet64                  
00004005  TimerMatchSet                    
0000404b  TimerMatchSet64                  
00003ebf  TimerPrescaleGet                 
00003f05  TimerPrescaleMatchGet            
00003edb  TimerPrescaleMatchSet            
00003e95  TimerPrescaleSet                 
00003e45  TimerRTCDisable                  
00003e2f  TimerRTCEnable                   
0000413d  TimerSynchronize                 
0000418f  TimerUpdateMode                  
00003fb7  TimerValueGet                    
00003fd3  TimerValueGet64                  
000058c7  TimervidInit                     
000047b5  UART9BitAddrSend                 
0000478f  UART9BitAddrSet                  
00004779  UART9BitDisable                  
00004763  UART9BitEnable                   
00004607  UARTBreakCtl                     
00004631  UARTBusy                         
000045af  UARTCharGet                      
00004593  UARTCharGetNonBlocking           
000045e9  UARTCharPut                      
000045c5  UARTCharPutNonBlocking           
00004557  UARTCharsAvail                   
00004753  UARTClockSourceGet               
0000473f  UARTClockSourceSet               
00004327  UARTConfigGetExpClk              
000042b1  UARTConfigSetExpClk              
00004705  UARTDMADisable                   
000046ed  UARTDMAEnable                    
00004397  UARTDisable                      
0000441b  UARTDisableSIR                   
00004373  UARTEnable                       
000043ed  UARTEnableSIR                    
000043d7  UARTFIFODisable                  
000043c1  UARTFIFOEnable                   
00004289  UARTFIFOLevelGet                 
00004271  UARTFIFOLevelSet                 
00004517  UARTFlowControlGet               
000044fb  UARTFlowControlSet               
000046db  UARTIntClear                     
000046a5  UARTIntDisable                   
0000468d  UARTIntEnable                    
0000464f  UARTIntRegister                  
000046bd  UARTIntStatus                    
0000466d  UARTIntUnregister                
000047fd  UARTLoopbackEnable               
000044b1  UARTModemControlClear            
000044d5  UARTModemControlGet              
00004479  UARTModemControlSet              
000044e7  UARTModemStatusGet               
0000425f  UARTParityModeGet                
00004243  UARTParityModeSet                
0000472f  UARTRxErrorClear                 
0000471d  UARTRxErrorGet                   
00004463  UARTSmartCardDisable             
00004431  UARTSmartCardEnable              
00004575  UARTSpaceAvail                   
00004545  UARTTxIntModeGet                 
00004529  UARTTxIntModeSet                 
00005567  UART_vidInit                     
000055cb  UART_vidReceive                  
000055f3  UART_vidSend                     
20007b58  __STACK_END                      
00000200  __STACK_SIZE                     
20007b58  __STACK_TOP                      
000062e0  __TI_CINIT_Base                  
000062f8  __TI_CINIT_Limit                 
000062c4  __TI_Handler_Table_Base          
000062d0  __TI_Handler_Table_Limit         
00005a61  __TI_auto_init_nobinit_nopinit   
000059ab  __TI_decompress_lzss             
00005b2d  __TI_decompress_none             
ffffffff  __TI_pprof_out_hndl              
ffffffff  __TI_prof_data_size              
ffffffff  __TI_prof_data_start             
00000000  __TI_static_base__               
00005b3b  __TI_zero_init                   
00005931  __aeabi_memclr                   
00005931  __aeabi_memclr4                  
00005931  __aeabi_memclr8                  
00005795  __aeabi_memcpy                   
00005795  __aeabi_memcpy4                  
00005795  __aeabi_memcpy8                  
00005933  __aeabi_memset                   
00005933  __aeabi_memset4                  
00005933  __aeabi_memset8                  
ffffffff  __binit__                        
ffffffff  __c_args__                       
UNDEFED   __mpu_init                       
20007958  __stack                          
20000000  __start___llvm_prf_cnts          
20000000  __stop___llvm_prf_cnts           
00005ae5  _c_int00_noargs                  
UNDEFED   _system_post_cinit               
00005b59  _system_pre_init                 
00005b5d  abort                            
20007b88  astrOutputPins                   
00005883  bDriverInit                      
ffffffff  binit                            
20000000  g_pfnRAMVectors                  
00000000  g_pfnVectors                     
00005b19  main                             
00005795  memcpy                           
00005939  memset                           
00005135  pvPortMalloc                     
00001521  pvTaskIncrementMutexHeldCount    
20007b58  pxCurrentTCB                     
00005419  pxPortInitialiseStack            
00006288  ulMaxSyscallInterruptPriority    
00005629  ulPortGetIPSR                    
00001539  ulTaskNotifyTake                 
000053cf  uxListRemove                     
00000a49  uxTaskGetNumberOfTasks           
000012fd  uxTaskGetStackHighWaterMark      
00000a55  uxTaskGetSystemState             
00000f6d  uxTaskGetTaskNumber              
00000523  uxTaskPriorityGet                
00000551  uxTaskPriorityGetFromISR         
000014ff  uxTaskResetEventItemValue        
00005831  vApplicationStackOverflowHook    
000052ed  vListInitialise                  
0000531d  vListInitialiseItem              
00005369  vListInsert                      
0000532d  vListInsertEnd                   
000056dd  vPortEnableVFP                   
000054b5  vPortEndScheduler                
000054b7  vPortEnterCritical               
000054d7  vPortExitCritical                
0000522d  vPortFree                        
00005291  vPortInitialiseBlocks            
000056a1  vPortSVCHandler                  
00005513  vPortSetupTimerInterrupt         
000056c1  vPortStartFirstTask              
000004c7  vTaskDelay                       
0000041f  vTaskDelayUntil                  
00000383  vTaskDelete                      
00000919  vTaskEndScheduler                
00000f5b  vTaskMissedYield                 
000018dd  vTaskNotifyGiveFromISR           
00000cf9  vTaskPlaceOnEventList            
00000d61  vTaskPlaceOnUnorderedEventList   
000013a9  vTaskPriorityInherit             
000005a9  vTaskPrioritySet                 
000007af  vTaskResume                      
00000f8d  vTaskSetTaskNumber               
00000ec3  vTaskSetTimeOutState             
000008c1  vTaskStartScheduler              
000006bd  vTaskSuspend                     
00000935  vTaskSuspendAll                  
00000c4d  vTaskSwitchContext               
0000528b  xPortGetFreeHeapSize             
00005641  xPortPendSVHandler               
0000547f  xPortStartScheduler              
000054ed  xPortSysTickHandler              
00000ee1  xTaskCheckForTimeOut             
0000026d  xTaskGenericCreate               
000016e3  xTaskGenericNotify               
000017d5  xTaskGenericNotifyFromISR        
0000138b  xTaskGetCurrentTaskHandle        
00000a21  xTaskGetTickCount                
00000a31  xTaskGetTickCountFromISR         
00000b29  xTaskIncrementTick               
00001983  xTaskNotifyStateClear            
000015fd  xTaskNotifyWait                  
00001463  xTaskPriorityDisinherit          
00000dd5  xTaskRemoveFromEventList         
00000e51  xTaskRemoveFromUnorderedEventList
0000094d  xTaskResumeAll                   
00000831  xTaskResumeFromISR               


GLOBAL SYMBOLS: SORTED BY Symbol Address 

address   name                             
-------   ----                             
00000000  __TI_static_base__               
00000000  g_pfnVectors                     
00000200  __STACK_SIZE                     
0000026d  xTaskGenericCreate               
00000383  vTaskDelete                      
0000041f  vTaskDelayUntil                  
000004c7  vTaskDelay                       
00000523  uxTaskPriorityGet                
00000551  uxTaskPriorityGetFromISR         
000005a9  vTaskPrioritySet                 
000006bd  vTaskSuspend                     
000007af  vTaskResume                      
00000831  xTaskResumeFromISR               
000008c1  vTaskStartScheduler              
00000919  vTaskEndScheduler                
00000935  vTaskSuspendAll                  
0000094d  xTaskResumeAll                   
00000a21  xTaskGetTickCount                
00000a31  xTaskGetTickCountFromISR         
00000a49  uxTaskGetNumberOfTasks           
00000a55  uxTaskGetSystemState             
00000b29  xTaskIncrementTick               
00000c4d  vTaskSwitchContext               
00000cf9  vTaskPlaceOnEventList            
00000d61  vTaskPlaceOnUnorderedEventList   
00000dd5  xTaskRemoveFromEventList         
00000e51  xTaskRemoveFromUnorderedEventList
00000ec3  vTaskSetTimeOutState             
00000ee1  xTaskCheckForTimeOut             
00000f5b  vTaskMissedYield                 
00000f6d  uxTaskGetTaskNumber              
00000f8d  vTaskSetTaskNumber               
000012fd  uxTaskGetStackHighWaterMark      
0000138b  xTaskGetCurrentTaskHandle        
000013a9  vTaskPriorityInherit             
00001463  xTaskPriorityDisinherit          
000014ff  uxTaskResetEventItemValue        
00001521  pvTaskIncrementMutexHeldCount    
00001539  ulTaskNotifyTake                 
000015fd  xTaskNotifyWait                  
000016e3  xTaskGenericNotify               
000017d5  xTaskGenericNotifyFromISR        
000018dd  vTaskNotifyGiveFromISR           
00001983  xTaskNotifyStateClear            
00001a95  SysCtlSRAMSizeGet                
00001a9f  SysCtlFlashSizeGet               
00001acb  SysCtlFlashSectorSizeGet         
00001af1  SysCtlPeripheralPresent          
00001b31  SysCtlPeripheralReady            
00001b71  SysCtlPeripheralPowerOn          
00001bad  SysCtlPeripheralPowerOff         
00001be9  SysCtlPeripheralReset            
00001c71  SysCtlPeripheralEnable           
00001cad  SysCtlPeripheralDisable          
00001cf1  SysCtlPeripheralSleepEnable      
00001d35  SysCtlPeripheralSleepDisable     
00001d71  SysCtlPeripheralDeepSleepEnable  
00001dc1  SysCtlPeripheralDeepSleepDisable 
00001e09  SysCtlPeripheralClockGating      
00001e5d  SysCtlIntRegister                
00001e75  SysCtlIntUnregister              
00001e85  SysCtlIntEnable                  
00001e99  SysCtlIntDisable                 
00001eb1  SysCtlIntClear                   
00001ec1  SysCtlIntStatus                  
00001edd  SysCtlLDOSleepSet                
00001eed  SysCtlLDOSleepGet                
00001ef3  SysCtlLDODeepSleepSet            
00001f03  SysCtlLDODeepSleepGet            
00001f09  SysCtlSleepPowerSet              
00001f1d  SysCtlDeepSleepPowerSet          
00001f2d  SysCtlReset                      
00001f35  SysCtlSleep                      
00001f3d  SysCtlDeepSleep                  
00001f59  SysCtlResetCauseGet              
00001f5f  SysCtlResetCauseClear            
00001f73  SysCtlMOSCConfigSet              
00001f89  SysCtlPIOSCCalibrate             
00001fd9  SysCtlResetBehaviorSet           
00001fe9  SysCtlResetBehaviorGet           
00002039  SysCtlClockFreqSet               
00002331  SysCtlClockSet                   
00002501  SysCtlClockGet                   
000026a7  SysCtlDeepSleepClockSet          
000026c5  SysCtlDeepSleepClockConfigSet    
0000274f  SysCtlPWMClockSet                
00002769  SysCtlPWMClockGet                
0000277f  SysCtlGPIOAHBEnable              
0000279b  SysCtlGPIOAHBDisable             
000027b7  SysCtlUSBPLLEnable               
000027c3  SysCtlUSBPLLDisable              
000027d5  SysCtlVoltageEventConfig         
000027e5  SysCtlVoltageEventStatus         
000027f1  SysCtlVoltageEventClear          
00002809  SysCtlVCOGet                     
000028c5  SysCtlNMIStatus                  
000028d9  SysCtlNMIClear                   
000028f5  SysCtlClockOutConfig             
00002911  SysCtlAltClkConfig               
000029b3  GPIODirModeSet                   
00002a0f  GPIODirModeGet                   
00002a5b  GPIOIntTypeSet                   
00002aff  GPIOIntTypeGet                   
00002b95  GPIOPadConfigSet                 
00002dcf  GPIOPadConfigGet                 
00002f21  GPIOIntEnable                    
00002f3b  GPIOIntDisable                   
00002f55  GPIOIntStatus                    
00002f77  GPIOIntClear                     
00002f8b  GPIOIntRegister                  
00002fa9  GPIOIntUnregister                
00002fc3  GPIOIntRegisterPin               
00002ff1  GPIOIntUnregisterPin             
00003015  GPIOPinRead                      
0000302d  GPIOPinWrite                     
0000304d  GPIOPinTypeADC                   
00003071  GPIOPinTypeCAN                   
00003095  GPIOPinTypeComparator            
000030b9  GPIOPinTypeComparatorOutput      
000030dd  GPIOPinTypeDIVSCLK               
00003101  GPIOPinTypeEPI                   
00003125  GPIOPinTypeEthernetLED           
00003149  GPIOPinTypeEthernetMII           
0000316d  GPIOPinTypeGPIOInput             
00003191  GPIOPinTypeGPIOOutput            
000031b5  GPIOPinTypeGPIOOutputOD          
000031d9  GPIOPinTypeHibernateRTCCLK       
000031fd  GPIOPinTypeI2C                   
00003221  GPIOPinTypeI2CSCL                
00003245  GPIOPinTypeLCD                   
00003269  GPIOPinTypeOneWire               
0000328d  GPIOPinTypePWM                   
000032b1  GPIOPinTypeQEI                   
000032d5  GPIOPinTypeSSI                   
000032f9  GPIOPinTypeTimer                 
0000331d  GPIOPinTypeTrace                 
00003341  GPIOPinTypeUART                  
00003365  GPIOPinTypeUSBAnalog             
00003389  GPIOPinTypeUSBDigital            
000033ad  GPIOPinTypeWakeHigh              
000033d3  GPIOPinTypeWakeLow               
000033f9  GPIOPinWakeStatus                
00003409  GPIOPinConfigure                 
00003467  GPIODMATriggerEnable             
00003485  GPIODMATriggerDisable            
000034a3  GPIOADCTriggerEnable             
000034c1  GPIOADCTriggerDisable            
00003547  I2CMasterInitExpClk              
00003595  I2CSlaveInit                     
000035af  I2CSlaveAddressSet               
000035ed  I2CMasterEnable                  
00003603  I2CSlaveEnable                   
00003621  I2CMasterDisable                 
00003637  I2CSlaveDisable                  
00003655  I2CIntRegister                   
00003673  I2CIntUnregister                 
0000368d  I2CMasterIntEnable               
0000369d  I2CMasterIntEnableEx             
000036b5  I2CSlaveIntEnable                
000036cd  I2CSlaveIntEnableEx              
000036e7  I2CMasterIntDisable              
000036f7  I2CMasterIntDisableEx            
0000370f  I2CSlaveIntDisable               
00003727  I2CSlaveIntDisableEx             
00003741  I2CMasterIntStatus               
0000377b  I2CMasterIntStatusEx             
000037ad  I2CSlaveIntStatus                
000037eb  I2CSlaveIntStatusEx              
0000380d  I2CMasterIntClear                
0000382d  I2CMasterIntClearEx              
0000383f  I2CSlaveIntClear                 
00003851  I2CSlaveIntClearEx               
00003865  I2CMasterSlaveAddrSet            
00003887  I2CMasterLineStateGet            
00003895  I2CMasterBusy                    
000038ad  I2CMasterBusBusy                 
000038c5  I2CMasterControl                 
000038d7  I2CMasterErr                     
00003903  I2CMasterDataPut                 
00003919  I2CMasterDataGet                 
00003927  I2CMasterTimeoutSet              
00003939  I2CSlaveACKOverride              
0000396b  I2CSlaveACKValueSet              
0000399d  I2CSlaveStatus                   
000039ad  I2CSlaveDataPut                  
000039c5  I2CSlaveDataGet                  
000039d5  I2CTxFIFOConfigSet               
000039fd  I2CTxFIFOFlush                   
00003a15  I2CRxFIFOConfigSet               
00003a3d  I2CRxFIFOFlush                   
00003a55  I2CFIFOStatus                    
00003a65  I2CFIFODataPut                   
00003a87  I2CFIFODataPutNonBlocking        
00003aaf  I2CFIFODataGet                   
00003ac9  I2CFIFODataGetNonBlocking        
00003aef  I2CMasterBurstLengthSet          
00003b05  I2CMasterBurstCountGet           
00003b13  I2CMasterGlitchFilterConfigSet   
00003b61  I2CSlaveFIFOEnable               
00003b79  I2CSlaveFIFODisable              
00003b8b  I2CLoopbackEnable                
00003c23  TimerEnable                      
00003c41  TimerDisable                     
00003c5f  TimerConfigure                   
00003ccb  TimerControlLevel                
00003d01  TimerControlTrigger              
00003d6f  TimerControlEvent                
00003d99  TimerControlStall                
00003dcf  TimerControlWaitOnTrigger        
00003e2f  TimerRTCEnable                   
00003e45  TimerRTCDisable                  
00003e5b  TimerClockSourceSet              
00003e79  TimerClockSourceGet              
00003e95  TimerPrescaleSet                 
00003ebf  TimerPrescaleGet                 
00003edb  TimerPrescaleMatchSet            
00003f05  TimerPrescaleMatchGet            
00003f25  TimerLoadSet                     
00003f4f  TimerLoadGet                     
00003f6b  TimerLoadSet64                   
00003f85  TimerLoadGet64                   
00003fb7  TimerValueGet                    
00003fd3  TimerValueGet64                  
00004005  TimerMatchSet                    
0000402f  TimerMatchGet                    
0000404b  TimerMatchSet64                  
00004065  TimerMatchGet64                  
00004097  TimerIntRegister                 
000040bf  TimerIntUnregister               
000040dd  TimerIntEnable                   
000040f5  TimerIntDisable                  
0000410d  TimerIntStatus                   
0000412b  TimerIntClear                    
0000413d  TimerSynchronize                 
0000414f  TimerADCEventSet                 
00004161  TimerADCEventGet                 
0000416f  TimerDMAEventSet                 
00004181  TimerDMAEventGet                 
0000418f  TimerUpdateMode                  
00004243  UARTParityModeSet                
0000425f  UARTParityModeGet                
00004271  UARTFIFOLevelSet                 
00004289  UARTFIFOLevelGet                 
000042b1  UARTConfigSetExpClk              
00004327  UARTConfigGetExpClk              
00004373  UARTEnable                       
00004397  UARTDisable                      
000043c1  UARTFIFOEnable                   
000043d7  UARTFIFODisable                  
000043ed  UARTEnableSIR                    
0000441b  UARTDisableSIR                   
00004431  UARTSmartCardEnable              
00004463  UARTSmartCardDisable             
00004479  UARTModemControlSet              
000044b1  UARTModemControlClear            
000044d5  UARTModemControlGet              
000044e7  UARTModemStatusGet               
000044fb  UARTFlowControlSet               
00004517  UARTFlowControlGet               
00004529  UARTTxIntModeSet                 
00004545  UARTTxIntModeGet                 
00004557  UARTCharsAvail                   
00004575  UARTSpaceAvail                   
00004593  UARTCharGetNonBlocking           
000045af  UARTCharGet                      
000045c5  UARTCharPutNonBlocking           
000045e9  UARTCharPut                      
00004607  UARTBreakCtl                     
00004631  UARTBusy                         
0000464f  UARTIntRegister                  
0000466d  UARTIntUnregister                
0000468d  UARTIntEnable                    
000046a5  UARTIntDisable                   
000046bd  UARTIntStatus                    
000046db  UARTIntClear                     
000046ed  UARTDMAEnable                    
00004705  UARTDMADisable                   
0000471d  UARTRxErrorGet                   
0000472f  UARTRxErrorClear                 
0000473f  UARTClockSourceSet               
00004753  UARTClockSourceGet               
00004763  UART9BitEnable                   
00004779  UART9BitDisable                  
0000478f  UART9BitAddrSet                  
000047b5  UART9BitAddrSend                 
000047fd  UARTLoopbackEnable               
00004815  InitI2C                          
000048fb  I2CReceiveOneByte                
00004983  I2CReceiveBytes                  
00004b11  I2CSendString                    
00004c0d  I2CReadBytes                     
00004d77  IntMasterEnable                  
00004d87  IntMasterDisable                 
00004d97  IntRegister                      
00004de9  IntUnregister                    
00004dfd  IntPriorityGroupingSet           
00004e17  IntPriorityGroupingGet           
00004e4f  IntPrioritySet                   
00004e9f  IntPriorityGet                   
00004ec3  IntEnable                        
00004f35  IntDisable                       
00004fa7  IntIsEnabled                     
0000502d  IntPendSet                       
0000509d  IntPendClear                     
000050eb  IntPriorityMaskSet               
000050f7  IntPriorityMaskGet               
000050ff  IntTrigger                       
00005135  pvPortMalloc                     
0000522d  vPortFree                        
0000528b  xPortGetFreeHeapSize             
00005291  vPortInitialiseBlocks            
000052ed  vListInitialise                  
0000531d  vListInitialiseItem              
0000532d  vListInsertEnd                   
00005369  vListInsert                      
000053cf  uxListRemove                     
00005419  pxPortInitialiseStack            
0000547f  xPortStartScheduler              
000054b5  vPortEndScheduler                
000054b7  vPortEnterCritical               
000054d7  vPortExitCritical                
000054ed  xPortSysTickHandler              
00005513  vPortSetupTimerInterrupt         
00005541  ISR_UART1IntHandler              
00005567  UART_vidInit                     
000055cb  UART_vidReceive                  
000055f3  UART_vidSend                     
00005629  ulPortGetIPSR                    
00005641  xPortPendSVHandler               
000056a1  vPortSVCHandler                  
000056c1  vPortStartFirstTask              
000056dd  vPortEnableVFP                   
000056ed  PIN_vidInit                      
0000575f  PIN_vidSetPin                    
00005795  __aeabi_memcpy                   
00005795  __aeabi_memcpy4                  
00005795  __aeabi_memcpy8                  
00005795  memcpy                           
00005831  vApplicationStackOverflowHook    
00005853  ScheduleTaskInit                 
00005883  bDriverInit                      
000058c7  TimervidInit                     
0000590f  TIM_bGetTimerFlag                
00005915  TIM_vidClearTimerFlag            
00005931  __aeabi_memclr                   
00005931  __aeabi_memclr4                  
00005931  __aeabi_memclr8                  
00005933  __aeabi_memset                   
00005933  __aeabi_memset4                  
00005933  __aeabi_memset8                  
00005939  memset                           
000059ab  __TI_decompress_lzss             
00005a15  SetValveVoltage                  
00005a61  __TI_auto_init_nobinit_nopinit   
00005aa5  CPUcpsid                         
00005ab1  CPUprimask                       
00005abb  CPUcpsie                         
00005ac7  CPUwfi                           
00005acb  CPUbasepriSet                    
00005ad9  CPUbasepriGet                    
00005ae5  _c_int00_noargs                  
00005b19  main                             
00005b2d  __TI_decompress_none             
00005b3b  __TI_zero_init                   
00005b47  ResetISR                         
00005b53  SysCtlDelay                      
00005b59  _system_pre_init                 
00005b5d  C$$EXIT                          
00005b5d  abort                            
00006288  ulMaxSyscallInterruptPriority    
000062c4  __TI_Handler_Table_Base          
000062d0  __TI_Handler_Table_Limit         
000062e0  __TI_CINIT_Base                  
000062f8  __TI_CINIT_Limit                 
20000000  __start___llvm_prf_cnts          
20000000  __stop___llvm_prf_cnts           
20000000  g_pfnRAMVectors                  
20007958  __stack                          
20007b58  __STACK_END                      
20007b58  __STACK_TOP                      
20007b58  pxCurrentTCB                     
20007b88  astrOutputPins                   
20007ba8  I2C_Bases                        
ffffffff  __TI_pprof_out_hndl              
ffffffff  __TI_prof_data_size              
ffffffff  __TI_prof_data_start             
ffffffff  __binit__                        
ffffffff  __c_args__                       
ffffffff  binit                            
UNDEFED   __mpu_init                       
UNDEFED   _system_post_cinit               

[391 symbols]
