<?xml version="1.0" encoding="ISO-8859-1" ?>
<link_info>
   <banner>TI ARM Linker PC v20.2.1.LTS</banner>
   <copyright>Copyright (c) 1996-2018 Texas Instruments Incorporated</copyright>
   <link_time>0x6165eaaa</link_time>
   <link_errors>0x0</link_errors>
   <output_file>FLOW_Controller.out</output_file>
   <entry_point>
      <name>_c_int00_noargs</name>
      <address>0x5ae5</address>
   </entry_point>
   <input_file_list>
      <input_file id="fl-2">
         <path>.\</path>
         <kind>object</kind>
         <file>main.obj</file>
         <name>main.obj</name>
      </input_file>
      <input_file id="fl-3">
         <path>.\</path>
         <kind>object</kind>
         <file>tm4c123gh6pm_startup_ccs.obj</file>
         <name>tm4c123gh6pm_startup_ccs.obj</name>
      </input_file>
      <input_file id="fl-4">
         <path>.\APP\Flow_Sys_Manager\</path>
         <kind>object</kind>
         <file>Flow_Sys_Manager.obj</file>
         <name>Flow_Sys_Manager.obj</name>
      </input_file>
      <input_file id="fl-5">
         <path>.\APP\schedule\</path>
         <kind>object</kind>
         <file>Schedule.obj</file>
         <name>Schedule.obj</name>
      </input_file>
      <input_file id="fl-6">
         <path>.\HAL\Flow_Sensor\</path>
         <kind>object</kind>
         <file>Flow_Sensor.obj</file>
         <name>Flow_Sensor.obj</name>
      </input_file>
      <input_file id="fl-7">
         <path>.\HAL\Pressure_Sensor\</path>
         <kind>object</kind>
         <file>Pressure_Sensor.obj</file>
         <name>Pressure_Sensor.obj</name>
      </input_file>
      <input_file id="fl-8">
         <path>.\HAL\PropValve\</path>
         <kind>object</kind>
         <file>Prop_Valve.obj</file>
         <name>Prop_Valve.obj</name>
      </input_file>
      <input_file id="fl-9">
         <path>.\MCAL\ADC\</path>
         <kind>object</kind>
         <file>ADC_Manager.obj</file>
         <name>ADC_Manager.obj</name>
      </input_file>
      <input_file id="fl-a">
         <path>.\MCAL\I2C\</path>
         <kind>object</kind>
         <file>I2C_Manage.obj</file>
         <name>I2C_Manage.obj</name>
      </input_file>
      <input_file id="fl-b">
         <path>.\MCAL\PWM\</path>
         <kind>object</kind>
         <file>PWM.obj</file>
         <name>PWM.obj</name>
      </input_file>
      <input_file id="fl-c">
         <path>.\MCAL\Pins\</path>
         <kind>object</kind>
         <file>Pins.obj</file>
         <name>Pins.obj</name>
      </input_file>
      <input_file id="fl-d">
         <path>.\MCAL\Timer\</path>
         <kind>object</kind>
         <file>Timer_Manage.obj</file>
         <name>Timer_Manage.obj</name>
      </input_file>
      <input_file id="fl-e">
         <path>.\MCAL\UART\</path>
         <kind>object</kind>
         <file>UART_Manager.obj</file>
         <name>UART_Manager.obj</name>
      </input_file>
      <input_file id="fl-f">
         <path>.\MCAL\driverlib\</path>
         <kind>object</kind>
         <file>adc.obj</file>
         <name>adc.obj</name>
      </input_file>
      <input_file id="fl-10">
         <path>.\MCAL\driverlib\</path>
         <kind>object</kind>
         <file>aes.obj</file>
         <name>aes.obj</name>
      </input_file>
      <input_file id="fl-11">
         <path>.\MCAL\driverlib\</path>
         <kind>object</kind>
         <file>can.obj</file>
         <name>can.obj</name>
      </input_file>
      <input_file id="fl-12">
         <path>.\MCAL\driverlib\</path>
         <kind>object</kind>
         <file>comp.obj</file>
         <name>comp.obj</name>
      </input_file>
      <input_file id="fl-13">
         <path>.\MCAL\driverlib\</path>
         <kind>object</kind>
         <file>cpu.obj</file>
         <name>cpu.obj</name>
      </input_file>
      <input_file id="fl-14">
         <path>.\MCAL\driverlib\</path>
         <kind>object</kind>
         <file>crc.obj</file>
         <name>crc.obj</name>
      </input_file>
      <input_file id="fl-15">
         <path>.\MCAL\driverlib\</path>
         <kind>object</kind>
         <file>des.obj</file>
         <name>des.obj</name>
      </input_file>
      <input_file id="fl-16">
         <path>.\MCAL\driverlib\</path>
         <kind>object</kind>
         <file>eeprom.obj</file>
         <name>eeprom.obj</name>
      </input_file>
      <input_file id="fl-17">
         <path>.\MCAL\driverlib\</path>
         <kind>object</kind>
         <file>emac.obj</file>
         <name>emac.obj</name>
      </input_file>
      <input_file id="fl-18">
         <path>.\MCAL\driverlib\</path>
         <kind>object</kind>
         <file>epi.obj</file>
         <name>epi.obj</name>
      </input_file>
      <input_file id="fl-19">
         <path>.\MCAL\driverlib\</path>
         <kind>object</kind>
         <file>epi_workaround_ccs.obj</file>
         <name>epi_workaround_ccs.obj</name>
      </input_file>
      <input_file id="fl-1a">
         <path>.\MCAL\driverlib\</path>
         <kind>object</kind>
         <file>flash.obj</file>
         <name>flash.obj</name>
      </input_file>
      <input_file id="fl-1b">
         <path>.\MCAL\driverlib\</path>
         <kind>object</kind>
         <file>fpu.obj</file>
         <name>fpu.obj</name>
      </input_file>
      <input_file id="fl-1c">
         <path>.\MCAL\driverlib\</path>
         <kind>object</kind>
         <file>gpio.obj</file>
         <name>gpio.obj</name>
      </input_file>
      <input_file id="fl-1d">
         <path>.\MCAL\driverlib\</path>
         <kind>object</kind>
         <file>hibernate.obj</file>
         <name>hibernate.obj</name>
      </input_file>
      <input_file id="fl-1e">
         <path>.\MCAL\driverlib\</path>
         <kind>object</kind>
         <file>i2c.obj</file>
         <name>i2c.obj</name>
      </input_file>
      <input_file id="fl-1f">
         <path>.\MCAL\driverlib\</path>
         <kind>object</kind>
         <file>interrupt.obj</file>
         <name>interrupt.obj</name>
      </input_file>
      <input_file id="fl-20">
         <path>.\MCAL\driverlib\</path>
         <kind>object</kind>
         <file>lcd.obj</file>
         <name>lcd.obj</name>
      </input_file>
      <input_file id="fl-21">
         <path>.\MCAL\driverlib\</path>
         <kind>object</kind>
         <file>mpu.obj</file>
         <name>mpu.obj</name>
      </input_file>
      <input_file id="fl-22">
         <path>.\MCAL\driverlib\</path>
         <kind>object</kind>
         <file>onewire.obj</file>
         <name>onewire.obj</name>
      </input_file>
      <input_file id="fl-23">
         <path>.\MCAL\driverlib\</path>
         <kind>object</kind>
         <file>pwm.obj</file>
         <name>pwm.obj</name>
      </input_file>
      <input_file id="fl-24">
         <path>.\MCAL\driverlib\</path>
         <kind>object</kind>
         <file>qei.obj</file>
         <name>qei.obj</name>
      </input_file>
      <input_file id="fl-25">
         <path>.\MCAL\driverlib\</path>
         <kind>object</kind>
         <file>shamd5.obj</file>
         <name>shamd5.obj</name>
      </input_file>
      <input_file id="fl-26">
         <path>.\MCAL\driverlib\</path>
         <kind>object</kind>
         <file>ssi.obj</file>
         <name>ssi.obj</name>
      </input_file>
      <input_file id="fl-27">
         <path>.\MCAL\driverlib\</path>
         <kind>object</kind>
         <file>sw_crc.obj</file>
         <name>sw_crc.obj</name>
      </input_file>
      <input_file id="fl-28">
         <path>.\MCAL\driverlib\</path>
         <kind>object</kind>
         <file>sysctl.obj</file>
         <name>sysctl.obj</name>
      </input_file>
      <input_file id="fl-29">
         <path>.\MCAL\driverlib\</path>
         <kind>object</kind>
         <file>sysexc.obj</file>
         <name>sysexc.obj</name>
      </input_file>
      <input_file id="fl-2a">
         <path>.\MCAL\driverlib\</path>
         <kind>object</kind>
         <file>systick.obj</file>
         <name>systick.obj</name>
      </input_file>
      <input_file id="fl-2b">
         <path>.\MCAL\driverlib\</path>
         <kind>object</kind>
         <file>timer.obj</file>
         <name>timer.obj</name>
      </input_file>
      <input_file id="fl-2c">
         <path>.\MCAL\driverlib\</path>
         <kind>object</kind>
         <file>uart.obj</file>
         <name>uart.obj</name>
      </input_file>
      <input_file id="fl-2d">
         <path>.\MCAL\driverlib\</path>
         <kind>object</kind>
         <file>udma.obj</file>
         <name>udma.obj</name>
      </input_file>
      <input_file id="fl-2e">
         <path>.\MCAL\driverlib\</path>
         <kind>object</kind>
         <file>usb.obj</file>
         <name>usb.obj</name>
      </input_file>
      <input_file id="fl-2f">
         <path>.\MCAL\driverlib\</path>
         <kind>object</kind>
         <file>watchdog.obj</file>
         <name>watchdog.obj</name>
      </input_file>
      <input_file id="fl-30">
         <path>.\OS\FreeRTOS\Source\</path>
         <kind>object</kind>
         <file>croutine.obj</file>
         <name>croutine.obj</name>
      </input_file>
      <input_file id="fl-31">
         <path>.\OS\FreeRTOS\Source\</path>
         <kind>object</kind>
         <file>event_groups.obj</file>
         <name>event_groups.obj</name>
      </input_file>
      <input_file id="fl-32">
         <path>.\OS\FreeRTOS\Source\</path>
         <kind>object</kind>
         <file>list.obj</file>
         <name>list.obj</name>
      </input_file>
      <input_file id="fl-33">
         <path>.\OS\FreeRTOS\Source\</path>
         <kind>object</kind>
         <file>queue.obj</file>
         <name>queue.obj</name>
      </input_file>
      <input_file id="fl-34">
         <path>.\OS\FreeRTOS\Source\</path>
         <kind>object</kind>
         <file>tasks.obj</file>
         <name>tasks.obj</name>
      </input_file>
      <input_file id="fl-35">
         <path>.\OS\FreeRTOS\Source\</path>
         <kind>object</kind>
         <file>timers.obj</file>
         <name>timers.obj</name>
      </input_file>
      <input_file id="fl-36">
         <path>.\OS\FreeRTOS\Source\portable\CCS\ARM_CM4F\</path>
         <kind>object</kind>
         <file>port.obj</file>
         <name>port.obj</name>
      </input_file>
      <input_file id="fl-37">
         <path>.\OS\FreeRTOS\Source\portable\CCS\ARM_CM4F\</path>
         <kind>object</kind>
         <file>portasm.obj</file>
         <name>portasm.obj</name>
      </input_file>
      <input_file id="fl-38">
         <path>.\OS\FreeRTOS\Source\portable\MemMang\</path>
         <kind>object</kind>
         <file>heap_2.obj</file>
         <name>heap_2.obj</name>
      </input_file>
      <input_file id="fl-39">
         <path>.\OS\</path>
         <kind>object</kind>
         <file>startup_ccs.obj</file>
         <name>startup_ccs.obj</name>
      </input_file>
      <input_file id="fl-3d">
         <kind>object</kind>
         <file>&lt;internal&gt;</file>
         <name>&lt;internal&gt;</name>
      </input_file>
      <input_file id="fl-f3">
         <path>C:\ti\ccs1011\ccs\tools\compiler\ti-cgt-arm_20.2.1.LTS\lib\</path>
         <kind>archive</kind>
         <file>rtsv7M4_T_le_v4SPD16_eabi.lib</file>
         <name>memset_t2.asm.obj</name>
      </input_file>
      <input_file id="fl-f4">
         <path>C:\ti\ccs1011\ccs\tools\compiler\ti-cgt-arm_20.2.1.LTS\lib\</path>
         <kind>archive</kind>
         <file>rtsv7M4_T_le_v4SPD16_eabi.lib</file>
         <name>memcpy_t2.asm.obj</name>
      </input_file>
      <input_file id="fl-f5">
         <path>C:\ti\ccs1011\ccs\tools\compiler\ti-cgt-arm_20.2.1.LTS\lib\</path>
         <kind>archive</kind>
         <file>rtsv7M4_T_le_v4SPD16_eabi.lib</file>
         <name>copy_zero_init.c.obj</name>
      </input_file>
      <input_file id="fl-f6">
         <path>C:\ti\ccs1011\ccs\tools\compiler\ti-cgt-arm_20.2.1.LTS\lib\</path>
         <kind>archive</kind>
         <file>rtsv7M4_T_le_v4SPD16_eabi.lib</file>
         <name>copy_decompress_none.c.obj</name>
      </input_file>
      <input_file id="fl-f7">
         <path>C:\ti\ccs1011\ccs\tools\compiler\ti-cgt-arm_20.2.1.LTS\lib\</path>
         <kind>archive</kind>
         <file>rtsv7M4_T_le_v4SPD16_eabi.lib</file>
         <name>copy_decompress_lzss.c.obj</name>
      </input_file>
      <input_file id="fl-f8">
         <path>C:\ti\ccs1011\ccs\tools\compiler\ti-cgt-arm_20.2.1.LTS\lib\</path>
         <kind>archive</kind>
         <file>rtsv7M4_T_le_v4SPD16_eabi.lib</file>
         <name>boot_cortex_m.c.obj</name>
      </input_file>
      <input_file id="fl-f9">
         <path>C:\ti\ccs1011\ccs\tools\compiler\ti-cgt-arm_20.2.1.LTS\lib\</path>
         <kind>archive</kind>
         <file>rtsv7M4_T_le_v4SPD16_eabi.lib</file>
         <name>autoinit.c.obj</name>
      </input_file>
      <input_file id="fl-fa">
         <path>C:\ti\ccs1011\ccs\tools\compiler\ti-cgt-arm_20.2.1.LTS\lib\</path>
         <kind>archive</kind>
         <file>rtsv7M4_T_le_v4SPD16_eabi.lib</file>
         <name>pre_init.c.obj</name>
      </input_file>
      <input_file id="fl-fb">
         <path>C:\ti\ccs1011\ccs\tools\compiler\ti-cgt-arm_20.2.1.LTS\lib\</path>
         <kind>archive</kind>
         <file>rtsv7M4_T_le_v4SPD16_eabi.lib</file>
         <name>cpy_tbl.c.obj</name>
      </input_file>
      <input_file id="fl-fc">
         <path>C:\ti\ccs1011\ccs\tools\compiler\ti-cgt-arm_20.2.1.LTS\lib\</path>
         <kind>archive</kind>
         <file>rtsv7M4_T_le_v4SPD16_eabi.lib</file>
         <name>exit.c.obj</name>
      </input_file>
      <input_file id="fl-fd">
         <path>C:\ti\ccs1011\ccs\tools\compiler\ti-cgt-arm_20.2.1.LTS\lib\</path>
         <kind>archive</kind>
         <file>rtsv7M4_T_le_v4SPD16_eabi.lib</file>
         <name>_lock.c.obj</name>
      </input_file>
      <input_file id="fl-fe">
         <path>C:\ti\ccs1011\ccs\tools\compiler\ti-cgt-arm_20.2.1.LTS\lib\</path>
         <kind>archive</kind>
         <file>rtsv7M4_T_le_v4SPD16_eabi.lib</file>
         <name>args_main.c.obj</name>
      </input_file>
   </input_file_list>
   <object_component_list>
      <object_component id="oc-12">
         <name>.intvecs</name>
         <load_address>0x0</load_address>
         <run_address>0x0</run_address>
         <size>0x26c</size>
         <input_file_ref idref="fl-3"/>
      </object_component>
      <object_component id="oc-125">
         <name>.text</name>
         <load_address>0x26c</load_address>
         <run_address>0x26c</run_address>
         <size>0x1768</size>
         <input_file_ref idref="fl-34"/>
      </object_component>
      <object_component id="oc-12b">
         <name>.text</name>
         <load_address>0x19d4</load_address>
         <run_address>0x19d4</run_address>
         <size>0xf80</size>
         <input_file_ref idref="fl-28"/>
      </object_component>
      <object_component id="oc-1d0">
         <name>.text</name>
         <load_address>0x2954</load_address>
         <run_address>0x2954</run_address>
         <size>0xb94</size>
         <input_file_ref idref="fl-1c"/>
      </object_component>
      <object_component id="oc-1da">
         <name>.text</name>
         <load_address>0x34e8</load_address>
         <run_address>0x34e8</run_address>
         <size>0x6c8</size>
         <input_file_ref idref="fl-1e"/>
      </object_component>
      <object_component id="oc-1c6">
         <name>.text</name>
         <load_address>0x3bb0</load_address>
         <run_address>0x3bb0</run_address>
         <size>0x632</size>
         <input_file_ref idref="fl-2b"/>
      </object_component>
      <object_component id="oc-1e5">
         <name>.text</name>
         <load_address>0x41e4</load_address>
         <run_address>0x41e4</run_address>
         <size>0x62e</size>
         <input_file_ref idref="fl-2c"/>
      </object_component>
      <object_component id="oc-13d">
         <name>.text</name>
         <load_address>0x4814</load_address>
         <run_address>0x4814</run_address>
         <size>0x560</size>
         <input_file_ref idref="fl-a"/>
      </object_component>
      <object_component id="oc-1a9">
         <name>.text</name>
         <load_address>0x4d74</load_address>
         <run_address>0x4d74</run_address>
         <size>0x3c0</size>
         <input_file_ref idref="fl-1f"/>
      </object_component>
      <object_component id="oc-193">
         <name>.text</name>
         <load_address>0x5134</load_address>
         <run_address>0x5134</run_address>
         <size>0x1b8</size>
         <input_file_ref idref="fl-38"/>
      </object_component>
      <object_component id="oc-17b">
         <name>.text</name>
         <load_address>0x52ec</load_address>
         <run_address>0x52ec</run_address>
         <size>0x12a</size>
         <input_file_ref idref="fl-32"/>
      </object_component>
      <object_component id="oc-175">
         <name>.text</name>
         <load_address>0x5418</load_address>
         <run_address>0x5418</run_address>
         <size>0x128</size>
         <input_file_ref idref="fl-36"/>
      </object_component>
      <object_component id="oc-143">
         <name>.text</name>
         <load_address>0x5540</load_address>
         <run_address>0x5540</run_address>
         <size>0xd8</size>
         <input_file_ref idref="fl-e"/>
      </object_component>
      <object_component id="oc-214">
         <name>.text</name>
         <load_address>0x5618</load_address>
         <run_address>0x5618</run_address>
         <size>0xd2</size>
         <input_file_ref idref="fl-37"/>
      </object_component>
      <object_component id="oc-137">
         <name>.text</name>
         <load_address>0x56ec</load_address>
         <run_address>0x56ec</run_address>
         <size>0xa8</size>
         <input_file_ref idref="fl-c"/>
      </object_component>
      <object_component id="oc-3b">
         <name>.text</name>
         <load_address>0x5794</load_address>
         <run_address>0x5794</run_address>
         <size>0x9c</size>
         <input_file_ref idref="fl-f4"/>
      </object_component>
      <object_component id="oc-c9">
         <name>.text</name>
         <load_address>0x5830</load_address>
         <run_address>0x5830</run_address>
         <size>0x84</size>
         <input_file_ref idref="fl-5"/>
      </object_component>
      <object_component id="oc-131">
         <name>.text</name>
         <load_address>0x58b4</load_address>
         <run_address>0x58b4</run_address>
         <size>0x7c</size>
         <input_file_ref idref="fl-d"/>
      </object_component>
      <object_component id="oc-8f">
         <name>.text</name>
         <load_address>0x5930</load_address>
         <run_address>0x5930</run_address>
         <size>0x7a</size>
         <input_file_ref idref="fl-f3"/>
      </object_component>
      <object_component id="oc-15">
         <name>.text:decompress:lzss:__TI_decompress_lzss</name>
         <load_address>0x59aa</load_address>
         <run_address>0x59aa</run_address>
         <size>0x68</size>
         <input_file_ref idref="fl-f7"/>
      </object_component>
      <object_component id="oc-cf">
         <name>.text</name>
         <load_address>0x5a14</load_address>
         <run_address>0x5a14</run_address>
         <size>0x4c</size>
         <input_file_ref idref="fl-8"/>
      </object_component>
      <object_component id="oc-e2">
         <name>.text:__TI_auto_init_nobinit_nopinit:__TI_auto_init_nobinit_nopinit</name>
         <load_address>0x5a60</load_address>
         <run_address>0x5a60</run_address>
         <size>0x44</size>
         <input_file_ref idref="fl-f9"/>
      </object_component>
      <object_component id="oc-1af">
         <name>.text</name>
         <load_address>0x5aa4</load_address>
         <run_address>0x5aa4</run_address>
         <size>0x3e</size>
         <input_file_ref idref="fl-13"/>
      </object_component>
      <object_component id="oc-59">
         <name>.text:_c_int00_noargs:_c_int00_noargs</name>
         <load_address>0x5ae4</load_address>
         <run_address>0x5ae4</run_address>
         <size>0x34</size>
         <input_file_ref idref="fl-f8"/>
      </object_component>
      <object_component id="oc-9b">
         <name>.text</name>
         <load_address>0x5b18</load_address>
         <run_address>0x5b18</run_address>
         <size>0x14</size>
         <input_file_ref idref="fl-2"/>
      </object_component>
      <object_component id="oc-1b">
         <name>.text:decompress:none:__TI_decompress_none</name>
         <load_address>0x5b2c</load_address>
         <run_address>0x5b2c</run_address>
         <size>0xe</size>
         <input_file_ref idref="fl-f6"/>
      </object_component>
      <object_component id="oc-4d">
         <name>.text:decompress:ZI:__TI_zero_init</name>
         <load_address>0x5b3a</load_address>
         <run_address>0x5b3a</run_address>
         <size>0xc</size>
         <input_file_ref idref="fl-f5"/>
      </object_component>
      <object_component id="oc-27">
         <name>.text</name>
         <load_address>0x5b46</load_address>
         <run_address>0x5b46</run_address>
         <size>0xc</size>
         <input_file_ref idref="fl-3"/>
      </object_component>
      <object_component id="oc-1be">
         <name>.text:SysCtlDelay</name>
         <load_address>0x5b52</load_address>
         <run_address>0x5b52</run_address>
         <size>0x6</size>
         <input_file_ref idref="fl-28"/>
      </object_component>
      <object_component id="oc-95">
         <name>.text:_system_pre_init</name>
         <load_address>0x5b58</load_address>
         <run_address>0x5b58</run_address>
         <size>0x4</size>
         <input_file_ref idref="fl-fa"/>
      </object_component>
      <object_component id="oc-d6">
         <name>.text:abort:abort</name>
         <load_address>0x5b5c</load_address>
         <run_address>0x5b5c</run_address>
         <size>0x4</size>
         <input_file_ref idref="fl-fc"/>
      </object_component>
      <object_component id="oc-1bb">
         <name>.const:g_pppui32XTALtoVCO</name>
         <load_address>0x5b60</load_address>
         <run_address>0x5b60</run_address>
         <size>0x1b0</size>
         <input_file_ref idref="fl-28"/>
      </object_component>
      <object_component id="oc-27d">
         <name>.const:g_ppui32GPIOIntMapSnowflake</name>
         <load_address>0x5d10</load_address>
         <run_address>0x5d10</run_address>
         <size>0xd8</size>
         <input_file_ref idref="fl-1c"/>
      </object_component>
      <object_component id="oc-27a">
         <name>.const:g_ppui32GPIOIntMapBlizzard</name>
         <load_address>0x5de8</load_address>
         <run_address>0x5de8</run_address>
         <size>0xc0</size>
         <input_file_ref idref="fl-1c"/>
      </object_component>
      <object_component id="oc-252">
         <name>.const:g_pui32Regs</name>
         <load_address>0x5ea8</load_address>
         <run_address>0x5ea8</run_address>
         <size>0x9c</size>
         <input_file_ref idref="fl-1f"/>
      </object_component>
      <object_component id="oc-280">
         <name>.const:g_pui32GPIOBaseAddrs</name>
         <load_address>0x5f44</load_address>
         <run_address>0x5f44</run_address>
         <size>0x90</size>
         <input_file_ref idref="fl-1c"/>
      </object_component>
      <object_component id="oc-1b5">
         <name>.const:g_pui32Xtals</name>
         <load_address>0x5fd4</load_address>
         <run_address>0x5fd4</run_address>
         <size>0x6c</size>
         <input_file_ref idref="fl-28"/>
      </object_component>
      <object_component id="oc-270">
         <name>.const:g_ppui32TimerIntMap</name>
         <load_address>0x6040</load_address>
         <run_address>0x6040</run_address>
         <size>0x60</size>
         <input_file_ref idref="fl-2b"/>
      </object_component>
      <object_component id="oc-28b">
         <name>.const:g_ppui32I2CIntMapSnowflake</name>
         <load_address>0x60a0</load_address>
         <run_address>0x60a0</run_address>
         <size>0x50</size>
         <input_file_ref idref="fl-1e"/>
      </object_component>
      <object_component id="oc-273">
         <name>.const:g_ppui32TimerIntMapSnowflake</name>
         <load_address>0x60f0</load_address>
         <run_address>0x60f0</run_address>
         <size>0x40</size>
         <input_file_ref idref="fl-2b"/>
      </object_component>
      <object_component id="oc-294">
         <name>.const:g_ppui32UARTIntMap</name>
         <load_address>0x6130</load_address>
         <run_address>0x6130</run_address>
         <size>0x40</size>
         <input_file_ref idref="fl-2c"/>
      </object_component>
      <object_component id="oc-297">
         <name>.const:g_ppui32UARTIntMapSnowflake</name>
         <load_address>0x6170</load_address>
         <run_address>0x6170</run_address>
         <size>0x40</size>
         <input_file_ref idref="fl-2c"/>
      </object_component>
      <object_component id="oc-288">
         <name>.const:g_ppui32I2CIntMap</name>
         <load_address>0x61b0</load_address>
         <run_address>0x61b0</run_address>
         <size>0x30</size>
         <input_file_ref idref="fl-1e"/>
      </object_component>
      <object_component id="oc-1a6">
         <name>.const:g_sXTALtoMEMTIM</name>
         <load_address>0x61e0</load_address>
         <run_address>0x61e0</run_address>
         <size>0x30</size>
         <input_file_ref idref="fl-28"/>
      </object_component>
      <object_component id="oc-24f">
         <name>.const:g_pui32Priority</name>
         <load_address>0x6210</load_address>
         <run_address>0x6210</run_address>
         <size>0x20</size>
         <input_file_ref idref="fl-1f"/>
      </object_component>
      <object_component id="oc-258">
         <name>.const:g_pui32Dii16Regs</name>
         <load_address>0x6230</load_address>
         <run_address>0x6230</run_address>
         <size>0x14</size>
         <input_file_ref idref="fl-1f"/>
      </object_component>
      <object_component id="oc-255">
         <name>.const:g_pui32EnRegs</name>
         <load_address>0x6244</load_address>
         <run_address>0x6244</run_address>
         <size>0x14</size>
         <input_file_ref idref="fl-1f"/>
      </object_component>
      <object_component id="oc-25b">
         <name>.const:g_pui32PendRegs</name>
         <load_address>0x6258</load_address>
         <run_address>0x6258</run_address>
         <size>0x14</size>
         <input_file_ref idref="fl-1f"/>
      </object_component>
      <object_component id="oc-25e">
         <name>.const:g_pui32UnpendRegs</name>
         <load_address>0x626c</load_address>
         <run_address>0x626c</run_address>
         <size>0x14</size>
         <input_file_ref idref="fl-1f"/>
      </object_component>
      <object_component id="oc-1b8">
         <name>.const:g_pui32VCOFrequencies</name>
         <load_address>0x6280</load_address>
         <run_address>0x6280</run_address>
         <size>0x8</size>
         <input_file_ref idref="fl-28"/>
      </object_component>
      <object_component id="oc-2ad">
         <name>.const</name>
         <load_address>0x6288</load_address>
         <run_address>0x6288</run_address>
         <size>0x4</size>
         <input_file_ref idref="fl-36"/>
      </object_component>
      <object_component id="oc-14b">
         <name>.const:.string:$P$T0$1</name>
         <load_address>0x628c</load_address>
         <run_address>0x628c</run_address>
         <size>0x3</size>
         <input_file_ref idref="fl-8"/>
      </object_component>
      <object_component id="oc-335">
         <name>.cinit..data.load</name>
         <load_address>0x6290</load_address>
         <run_address>0x6290</run_address>
         <size>0x32</size>
      </object_component>
      <object_component id="oc-332">
         <name>__TI_handler_table</name>
         <load_address>0x62c4</load_address>
         <run_address>0x62c4</run_address>
         <size>0xc</size>
      </object_component>
      <object_component id="oc-336">
         <name>.cinit..bss.load</name>
         <load_address>0x62d0</load_address>
         <run_address>0x62d0</run_address>
         <size>0x8</size>
      </object_component>
      <object_component id="oc-334">
         <name>.cinit..vtable.load</name>
         <load_address>0x62d8</load_address>
         <run_address>0x62d8</run_address>
         <size>0x8</size>
      </object_component>
      <object_component id="oc-333">
         <name>__TI_cinit_table</name>
         <load_address>0x62e0</load_address>
         <run_address>0x62e0</run_address>
         <size>0x18</size>
      </object_component>
      <object_component id="oc-24c">
         <name>.vtable</name>
         <uninitialized>true</uninitialized>
         <run_address>0x20000000</run_address>
         <size>0x26c</size>
         <input_file_ref idref="fl-1f"/>
      </object_component>
      <object_component id="oc-1e0">
         <name>.data:I2C_Bases</name>
         <load_address>0x20007ba8</load_address>
         <run_address>0x20007ba8</run_address>
         <size>0x10</size>
         <input_file_ref idref="fl-a"/>
      </object_component>
      <object_component id="oc-1d6">
         <name>.data:astrOutputPins</name>
         <load_address>0x20007b88</load_address>
         <run_address>0x20007b88</run_address>
         <size>0x20</size>
         <input_file_ref idref="fl-c"/>
      </object_component>
      <object_component id="oc-1cc">
         <name>.data</name>
         <load_address>0x20007bc4</load_address>
         <run_address>0x20007bc4</run_address>
         <size>0x1</size>
         <input_file_ref idref="fl-d"/>
      </object_component>
      <object_component id="oc-181">
         <name>.data</name>
         <load_address>0x20007b58</load_address>
         <run_address>0x20007b58</run_address>
         <size>0x30</size>
         <input_file_ref idref="fl-34"/>
      </object_component>
      <object_component id="oc-219">
         <name>.data</name>
         <load_address>0x20007bc0</load_address>
         <run_address>0x20007bc0</run_address>
         <size>0x4</size>
         <input_file_ref idref="fl-36"/>
      </object_component>
      <object_component id="oc-22c">
         <name>.data</name>
         <load_address>0x20007bb8</load_address>
         <run_address>0x20007bb8</run_address>
         <size>0x8</size>
         <input_file_ref idref="fl-38"/>
      </object_component>
      <object_component id="oc-184">
         <name>.bss:pxReadyTasksLists</name>
         <uninitialized>true</uninitialized>
         <run_address>0x2000779c</run_address>
         <size>0x140</size>
         <input_file_ref idref="fl-34"/>
      </object_component>
      <object_component id="oc-199">
         <name>.bss:xDelayedTaskList1</name>
         <uninitialized>true</uninitialized>
         <run_address>0x200078dc</run_address>
         <size>0x14</size>
         <input_file_ref idref="fl-34"/>
      </object_component>
      <object_component id="oc-19c">
         <name>.bss:xDelayedTaskList2</name>
         <uninitialized>true</uninitialized>
         <run_address>0x200078f0</run_address>
         <size>0x14</size>
         <input_file_ref idref="fl-34"/>
      </object_component>
      <object_component id="oc-190">
         <name>.bss</name>
         <uninitialized>true</uninitialized>
         <run_address>0x20007940</run_address>
         <size>0x8</size>
         <input_file_ref idref="fl-34"/>
      </object_component>
      <object_component id="oc-18d">
         <name>.bss:xPendingReadyList</name>
         <uninitialized>true</uninitialized>
         <run_address>0x20007904</run_address>
         <size>0x14</size>
         <input_file_ref idref="fl-34"/>
      </object_component>
      <object_component id="oc-187">
         <name>.bss:xTasksWaitingTermination</name>
         <uninitialized>true</uninitialized>
         <run_address>0x2000792c</run_address>
         <size>0x14</size>
         <input_file_ref idref="fl-34"/>
      </object_component>
      <object_component id="oc-18a">
         <name>.bss:xSuspendedTaskList</name>
         <uninitialized>true</uninitialized>
         <run_address>0x20007918</run_address>
         <size>0x14</size>
         <input_file_ref idref="fl-34"/>
      </object_component>
      <object_component id="oc-235">
         <name>.bss:ucHeap</name>
         <uninitialized>true</uninitialized>
         <run_address>0x2000026c</run_address>
         <size>0x7530</size>
         <input_file_ref idref="fl-38"/>
      </object_component>
      <object_component id="oc-22f">
         <name>.bss:xStart</name>
         <uninitialized>true</uninitialized>
         <run_address>0x20007950</run_address>
         <size>0x8</size>
         <input_file_ref idref="fl-38"/>
      </object_component>
      <object_component id="oc-232">
         <name>.bss:xEnd</name>
         <uninitialized>true</uninitialized>
         <run_address>0x20007948</run_address>
         <size>0x8</size>
         <input_file_ref idref="fl-38"/>
      </object_component>
      <object_component id="oc-24">
         <name>.stack</name>
         <uninitialized>true</uninitialized>
         <run_address>0x20007958</run_address>
         <size>0x4</size>
         <input_file_ref idref="fl-f8"/>
      </object_component>
      <object_component id="oc-338">
         <name>.stack</name>
         <uninitialized>true</uninitialized>
         <run_address>0x20007958</run_address>
         <size>0x0</size>
      </object_component>
      <object_component id="oc-b7">
         <name>.debug_info</name>
         <load_address>0x0</load_address>
         <run_address>0x0</run_address>
         <size>0x412</size>
         <input_file_ref idref="fl-2"/>
      </object_component>
      <object_component id="oc-9d">
         <name>.debug_info</name>
         <load_address>0x412</load_address>
         <run_address>0x412</run_address>
         <size>0x126</size>
         <input_file_ref idref="fl-2"/>
      </object_component>
      <object_component id="oc-120">
         <name>.debug_info</name>
         <load_address>0x538</load_address>
         <run_address>0x538</run_address>
         <size>0x2ef</size>
         <input_file_ref idref="fl-2"/>
      </object_component>
      <object_component id="oc-70">
         <name>.debug_info</name>
         <load_address>0x827</load_address>
         <run_address>0x827</run_address>
         <size>0x26b</size>
         <input_file_ref idref="fl-2"/>
      </object_component>
      <object_component id="oc-b2">
         <name>.debug_info</name>
         <load_address>0xa92</load_address>
         <run_address>0xa92</run_address>
         <size>0x8b</size>
         <input_file_ref idref="fl-2"/>
      </object_component>
      <object_component id="oc-170">
         <name>.debug_info</name>
         <load_address>0xb1d</load_address>
         <run_address>0xb1d</run_address>
         <size>0x2c</size>
         <input_file_ref idref="fl-2"/>
      </object_component>
      <object_component id="oc-ad">
         <name>.debug_info</name>
         <load_address>0xb49</load_address>
         <run_address>0xb49</run_address>
         <size>0x2a4</size>
         <input_file_ref idref="fl-2"/>
      </object_component>
      <object_component id="oc-1c0">
         <name>.debug_info</name>
         <load_address>0xded</load_address>
         <run_address>0xded</run_address>
         <size>0xef</size>
         <input_file_ref idref="fl-2"/>
      </object_component>
      <object_component id="oc-75">
         <name>.debug_info</name>
         <load_address>0xedc</load_address>
         <run_address>0xedc</run_address>
         <size>0xbb</size>
         <input_file_ref idref="fl-2"/>
      </object_component>
      <object_component id="oc-116">
         <name>.debug_info</name>
         <load_address>0xf97</load_address>
         <run_address>0xf97</run_address>
         <size>0x53</size>
         <input_file_ref idref="fl-2"/>
      </object_component>
      <object_component id="oc-11b">
         <name>.debug_info</name>
         <load_address>0xfea</load_address>
         <run_address>0xfea</run_address>
         <size>0x14c</size>
         <input_file_ref idref="fl-2"/>
      </object_component>
      <object_component id="oc-2f">
         <name>.debug_info</name>
         <load_address>0x1136</load_address>
         <run_address>0x1136</run_address>
         <size>0x2af</size>
         <input_file_ref idref="fl-3"/>
      </object_component>
      <object_component id="oc-13">
         <name>.debug_info</name>
         <load_address>0x13e5</load_address>
         <run_address>0x13e5</run_address>
         <size>0xee</size>
         <input_file_ref idref="fl-3"/>
      </object_component>
      <object_component id="oc-2a">
         <name>.debug_info</name>
         <load_address>0x14d3</load_address>
         <run_address>0x14d3</run_address>
         <size>0x26a</size>
         <input_file_ref idref="fl-3"/>
      </object_component>
      <object_component id="oc-36">
         <name>.debug_info</name>
         <load_address>0x173d</load_address>
         <run_address>0x173d</run_address>
         <size>0x84</size>
         <input_file_ref idref="fl-3"/>
      </object_component>
      <object_component id="oc-14a">
         <name>.debug_info</name>
         <load_address>0x17c1</load_address>
         <run_address>0x17c1</run_address>
         <size>0x472</size>
         <input_file_ref idref="fl-5"/>
      </object_component>
      <object_component id="oc-cb">
         <name>.debug_info</name>
         <load_address>0x1c33</load_address>
         <run_address>0x1c33</run_address>
         <size>0x43a</size>
         <input_file_ref idref="fl-5"/>
      </object_component>
      <object_component id="oc-14f">
         <name>.debug_info</name>
         <load_address>0x206d</load_address>
         <run_address>0x206d</run_address>
         <size>0x2d2</size>
         <input_file_ref idref="fl-8"/>
      </object_component>
      <object_component id="oc-14c">
         <name>.debug_info</name>
         <load_address>0x233f</load_address>
         <run_address>0x233f</run_address>
         <size>0xe3</size>
         <input_file_ref idref="fl-8"/>
      </object_component>
      <object_component id="oc-d3">
         <name>.debug_info</name>
         <load_address>0x2422</load_address>
         <run_address>0x2422</run_address>
         <size>0x1e7</size>
         <input_file_ref idref="fl-8"/>
      </object_component>
      <object_component id="oc-2c6">
         <name>.debug_info</name>
         <load_address>0x2609</load_address>
         <run_address>0x2609</run_address>
         <size>0x607</size>
         <input_file_ref idref="fl-9"/>
      </object_component>
      <object_component id="oc-23a">
         <name>.debug_info</name>
         <load_address>0x2c10</load_address>
         <run_address>0x2c10</run_address>
         <size>0x110</size>
         <input_file_ref idref="fl-9"/>
      </object_component>
      <object_component id="oc-1e4">
         <name>.debug_info</name>
         <load_address>0x2d20</load_address>
         <run_address>0x2d20</run_address>
         <size>0x517</size>
         <input_file_ref idref="fl-a"/>
      </object_component>
      <object_component id="oc-1e1">
         <name>.debug_info</name>
         <load_address>0x3237</load_address>
         <run_address>0x3237</run_address>
         <size>0xe3</size>
         <input_file_ref idref="fl-a"/>
      </object_component>
      <object_component id="oc-13f">
         <name>.debug_info</name>
         <load_address>0x331a</load_address>
         <run_address>0x331a</run_address>
         <size>0x108e</size>
         <input_file_ref idref="fl-a"/>
      </object_component>
      <object_component id="oc-287">
         <name>.debug_info</name>
         <load_address>0x43a8</load_address>
         <run_address>0x43a8</run_address>
         <size>0x352</size>
         <input_file_ref idref="fl-c"/>
      </object_component>
      <object_component id="oc-1d7">
         <name>.debug_info</name>
         <load_address>0x46fa</load_address>
         <run_address>0x46fa</run_address>
         <size>0xe8</size>
         <input_file_ref idref="fl-c"/>
      </object_component>
      <object_component id="oc-138">
         <name>.debug_info</name>
         <load_address>0x47e2</load_address>
         <run_address>0x47e2</run_address>
         <size>0x311</size>
         <input_file_ref idref="fl-c"/>
      </object_component>
      <object_component id="oc-2e8">
         <name>.debug_info</name>
         <load_address>0x4af3</load_address>
         <run_address>0x4af3</run_address>
         <size>0x5e</size>
         <input_file_ref idref="fl-c"/>
      </object_component>
      <object_component id="oc-1cd">
         <name>.debug_info</name>
         <load_address>0x4b51</load_address>
         <run_address>0x4b51</run_address>
         <size>0xe8</size>
         <input_file_ref idref="fl-d"/>
      </object_component>
      <object_component id="oc-133">
         <name>.debug_info</name>
         <load_address>0x4c39</load_address>
         <run_address>0x4c39</run_address>
         <size>0x37b</size>
         <input_file_ref idref="fl-d"/>
      </object_component>
      <object_component id="oc-1ec">
         <name>.debug_info</name>
         <load_address>0x4fb4</load_address>
         <run_address>0x4fb4</run_address>
         <size>0x5c4</size>
         <input_file_ref idref="fl-e"/>
      </object_component>
      <object_component id="oc-147">
         <name>.debug_info</name>
         <load_address>0x5578</load_address>
         <run_address>0x5578</run_address>
         <size>0x4f9</size>
         <input_file_ref idref="fl-e"/>
      </object_component>
      <object_component id="oc-1b0">
         <name>.debug_info</name>
         <load_address>0x5a71</load_address>
         <run_address>0x5a71</run_address>
         <size>0x37c</size>
         <input_file_ref idref="fl-13"/>
      </object_component>
      <object_component id="oc-284">
         <name>.debug_info</name>
         <load_address>0x5ded</load_address>
         <run_address>0x5ded</run_address>
         <size>0x364</size>
         <input_file_ref idref="fl-1c"/>
      </object_component>
      <object_component id="oc-27b">
         <name>.debug_info</name>
         <load_address>0x6151</load_address>
         <run_address>0x6151</run_address>
         <size>0x104</size>
         <input_file_ref idref="fl-1c"/>
      </object_component>
      <object_component id="oc-27e">
         <name>.debug_info</name>
         <load_address>0x6255</load_address>
         <run_address>0x6255</run_address>
         <size>0x106</size>
         <input_file_ref idref="fl-1c"/>
      </object_component>
      <object_component id="oc-281">
         <name>.debug_info</name>
         <load_address>0x635b</load_address>
         <run_address>0x635b</run_address>
         <size>0xf8</size>
         <input_file_ref idref="fl-1c"/>
      </object_component>
      <object_component id="oc-1d2">
         <name>.debug_info</name>
         <load_address>0x6453</load_address>
         <run_address>0x6453</run_address>
         <size>0x3311</size>
         <input_file_ref idref="fl-1c"/>
      </object_component>
      <object_component id="oc-28f">
         <name>.debug_info</name>
         <load_address>0x9764</load_address>
         <run_address>0x9764</run_address>
         <size>0x355</size>
         <input_file_ref idref="fl-1e"/>
      </object_component>
      <object_component id="oc-289">
         <name>.debug_info</name>
         <load_address>0x9ab9</load_address>
         <run_address>0x9ab9</run_address>
         <size>0xf1</size>
         <input_file_ref idref="fl-1e"/>
      </object_component>
      <object_component id="oc-28c">
         <name>.debug_info</name>
         <load_address>0x9baa</load_address>
         <run_address>0x9baa</run_address>
         <size>0x103</size>
         <input_file_ref idref="fl-1e"/>
      </object_component>
      <object_component id="oc-1de">
         <name>.debug_info</name>
         <load_address>0x9cad</load_address>
         <run_address>0x9cad</run_address>
         <size>0x2d83</size>
         <input_file_ref idref="fl-1e"/>
      </object_component>
      <object_component id="oc-262">
         <name>.debug_info</name>
         <load_address>0xca30</load_address>
         <run_address>0xca30</run_address>
         <size>0x341</size>
         <input_file_ref idref="fl-1f"/>
      </object_component>
      <object_component id="oc-250">
         <name>.debug_info</name>
         <load_address>0xcd71</load_address>
         <run_address>0xcd71</run_address>
         <size>0xf3</size>
         <input_file_ref idref="fl-1f"/>
      </object_component>
      <object_component id="oc-253">
         <name>.debug_info</name>
         <load_address>0xce64</load_address>
         <run_address>0xce64</run_address>
         <size>0xeb</size>
         <input_file_ref idref="fl-1f"/>
      </object_component>
      <object_component id="oc-256">
         <name>.debug_info</name>
         <load_address>0xcf4f</load_address>
         <run_address>0xcf4f</run_address>
         <size>0xef</size>
         <input_file_ref idref="fl-1f"/>
      </object_component>
      <object_component id="oc-259">
         <name>.debug_info</name>
         <load_address>0xd03e</load_address>
         <run_address>0xd03e</run_address>
         <size>0xf5</size>
         <input_file_ref idref="fl-1f"/>
      </object_component>
      <object_component id="oc-25c">
         <name>.debug_info</name>
         <load_address>0xd133</load_address>
         <run_address>0xd133</run_address>
         <size>0xf3</size>
         <input_file_ref idref="fl-1f"/>
      </object_component>
      <object_component id="oc-25f">
         <name>.debug_info</name>
         <load_address>0xd226</load_address>
         <run_address>0xd226</run_address>
         <size>0xf7</size>
         <input_file_ref idref="fl-1f"/>
      </object_component>
      <object_component id="oc-24d">
         <name>.debug_info</name>
         <load_address>0xd31d</load_address>
         <run_address>0xd31d</run_address>
         <size>0xf4</size>
         <input_file_ref idref="fl-1f"/>
      </object_component>
      <object_component id="oc-1ab">
         <name>.debug_info</name>
         <load_address>0xd411</load_address>
         <run_address>0xd411</run_address>
         <size>0xd9e</size>
         <input_file_ref idref="fl-1f"/>
      </object_component>
      <object_component id="oc-1c5">
         <name>.debug_info</name>
         <load_address>0xe1af</load_address>
         <run_address>0xe1af</run_address>
         <size>0x3c6</size>
         <input_file_ref idref="fl-28"/>
      </object_component>
      <object_component id="oc-1b6">
         <name>.debug_info</name>
         <load_address>0xe575</load_address>
         <run_address>0xe575</run_address>
         <size>0xea</size>
         <input_file_ref idref="fl-28"/>
      </object_component>
      <object_component id="oc-1bc">
         <name>.debug_info</name>
         <load_address>0xe65f</load_address>
         <run_address>0xe65f</run_address>
         <size>0xf6</size>
         <input_file_ref idref="fl-28"/>
      </object_component>
      <object_component id="oc-1a7">
         <name>.debug_info</name>
         <load_address>0xe755</load_address>
         <run_address>0xe755</run_address>
         <size>0xf0</size>
         <input_file_ref idref="fl-28"/>
      </object_component>
      <object_component id="oc-1b9">
         <name>.debug_info</name>
         <load_address>0xe845</load_address>
         <run_address>0xe845</run_address>
         <size>0xfd</size>
         <input_file_ref idref="fl-28"/>
      </object_component>
      <object_component id="oc-12c">
         <name>.debug_info</name>
         <load_address>0xe942</load_address>
         <run_address>0xe942</run_address>
         <size>0x2d74</size>
         <input_file_ref idref="fl-28"/>
      </object_component>
      <object_component id="oc-26c">
         <name>.debug_info</name>
         <load_address>0x116b6</load_address>
         <run_address>0x116b6</run_address>
         <size>0x51</size>
         <input_file_ref idref="fl-28"/>
      </object_component>
      <object_component id="oc-277">
         <name>.debug_info</name>
         <load_address>0x11707</load_address>
         <run_address>0x11707</run_address>
         <size>0x351</size>
         <input_file_ref idref="fl-2b"/>
      </object_component>
      <object_component id="oc-271">
         <name>.debug_info</name>
         <load_address>0x11a58</load_address>
         <run_address>0x11a58</run_address>
         <size>0xf7</size>
         <input_file_ref idref="fl-2b"/>
      </object_component>
      <object_component id="oc-274">
         <name>.debug_info</name>
         <load_address>0x11b4f</load_address>
         <run_address>0x11b4f</run_address>
         <size>0x109</size>
         <input_file_ref idref="fl-2b"/>
      </object_component>
      <object_component id="oc-1c9">
         <name>.debug_info</name>
         <load_address>0x11c58</load_address>
         <run_address>0x11c58</run_address>
         <size>0x2605</size>
         <input_file_ref idref="fl-2b"/>
      </object_component>
      <object_component id="oc-29b">
         <name>.debug_info</name>
         <load_address>0x1425d</load_address>
         <run_address>0x1425d</run_address>
         <size>0x346</size>
         <input_file_ref idref="fl-2c"/>
      </object_component>
      <object_component id="oc-295">
         <name>.debug_info</name>
         <load_address>0x145a3</load_address>
         <run_address>0x145a3</run_address>
         <size>0xf4</size>
         <input_file_ref idref="fl-2c"/>
      </object_component>
      <object_component id="oc-298">
         <name>.debug_info</name>
         <load_address>0x14697</load_address>
         <run_address>0x14697</run_address>
         <size>0x106</size>
         <input_file_ref idref="fl-2c"/>
      </object_component>
      <object_component id="oc-1e7">
         <name>.debug_info</name>
         <load_address>0x1479d</load_address>
         <run_address>0x1479d</run_address>
         <size>0x28e6</size>
         <input_file_ref idref="fl-2c"/>
      </object_component>
      <object_component id="oc-2c7">
         <name>.debug_info</name>
         <load_address>0x17083</load_address>
         <run_address>0x17083</run_address>
         <size>0x587</size>
         <input_file_ref idref="fl-31"/>
      </object_component>
      <object_component id="oc-2ff">
         <name>.debug_info</name>
         <load_address>0x1760a</load_address>
         <run_address>0x1760a</run_address>
         <size>0x39</size>
         <input_file_ref idref="fl-31"/>
      </object_component>
      <object_component id="oc-245">
         <name>.debug_info</name>
         <load_address>0x17643</load_address>
         <run_address>0x17643</run_address>
         <size>0x46</size>
         <input_file_ref idref="fl-31"/>
      </object_component>
      <object_component id="oc-304">
         <name>.debug_info</name>
         <load_address>0x17689</load_address>
         <run_address>0x17689</run_address>
         <size>0x76</size>
         <input_file_ref idref="fl-31"/>
      </object_component>
      <object_component id="oc-21f">
         <name>.debug_info</name>
         <load_address>0x176ff</load_address>
         <run_address>0x176ff</run_address>
         <size>0x2d7</size>
         <input_file_ref idref="fl-32"/>
      </object_component>
      <object_component id="oc-17d">
         <name>.debug_info</name>
         <load_address>0x179d6</load_address>
         <run_address>0x179d6</run_address>
         <size>0x518</size>
         <input_file_ref idref="fl-32"/>
      </object_component>
      <object_component id="oc-1a0">
         <name>.debug_info</name>
         <load_address>0x17eee</load_address>
         <run_address>0x17eee</run_address>
         <size>0x70a</size>
         <input_file_ref idref="fl-34"/>
      </object_component>
      <object_component id="oc-182">
         <name>.debug_info</name>
         <load_address>0x185f8</load_address>
         <run_address>0x185f8</run_address>
         <size>0x2fb</size>
         <input_file_ref idref="fl-34"/>
      </object_component>
      <object_component id="oc-185">
         <name>.debug_info</name>
         <load_address>0x188f3</load_address>
         <run_address>0x188f3</run_address>
         <size>0xf7</size>
         <input_file_ref idref="fl-34"/>
      </object_component>
      <object_component id="oc-19a">
         <name>.debug_info</name>
         <load_address>0x189ea</load_address>
         <run_address>0x189ea</run_address>
         <size>0xf7</size>
         <input_file_ref idref="fl-34"/>
      </object_component>
      <object_component id="oc-19d">
         <name>.debug_info</name>
         <load_address>0x18ae1</load_address>
         <run_address>0x18ae1</run_address>
         <size>0xf7</size>
         <input_file_ref idref="fl-34"/>
      </object_component>
      <object_component id="oc-191">
         <name>.debug_info</name>
         <load_address>0x18bd8</load_address>
         <run_address>0x18bd8</run_address>
         <size>0x139</size>
         <input_file_ref idref="fl-34"/>
      </object_component>
      <object_component id="oc-18e">
         <name>.debug_info</name>
         <load_address>0x18d11</load_address>
         <run_address>0x18d11</run_address>
         <size>0xf7</size>
         <input_file_ref idref="fl-34"/>
      </object_component>
      <object_component id="oc-188">
         <name>.debug_info</name>
         <load_address>0x18e08</load_address>
         <run_address>0x18e08</run_address>
         <size>0x105</size>
         <input_file_ref idref="fl-34"/>
      </object_component>
      <object_component id="oc-18b">
         <name>.debug_info</name>
         <load_address>0x18f0d</load_address>
         <run_address>0x18f0d</run_address>
         <size>0xf9</size>
         <input_file_ref idref="fl-34"/>
      </object_component>
      <object_component id="oc-127">
         <name>.debug_info</name>
         <load_address>0x19006</load_address>
         <run_address>0x19006</run_address>
         <size>0x46d4</size>
         <input_file_ref idref="fl-34"/>
      </object_component>
      <object_component id="oc-1a1">
         <name>.debug_info</name>
         <load_address>0x1d6da</load_address>
         <run_address>0x1d6da</run_address>
         <size>0x169</size>
         <input_file_ref idref="fl-34"/>
      </object_component>
      <object_component id="oc-21d">
         <name>.debug_info</name>
         <load_address>0x1d843</load_address>
         <run_address>0x1d843</run_address>
         <size>0x36c</size>
         <input_file_ref idref="fl-36"/>
      </object_component>
      <object_component id="oc-2ae">
         <name>.debug_info</name>
         <load_address>0x1dbaf</load_address>
         <run_address>0x1dbaf</run_address>
         <size>0x125</size>
         <input_file_ref idref="fl-36"/>
      </object_component>
      <object_component id="oc-21a">
         <name>.debug_info</name>
         <load_address>0x1dcd4</load_address>
         <run_address>0x1dcd4</run_address>
         <size>0x10c</size>
         <input_file_ref idref="fl-36"/>
      </object_component>
      <object_component id="oc-178">
         <name>.debug_info</name>
         <load_address>0x1dde0</load_address>
         <run_address>0x1dde0</run_address>
         <size>0x75f</size>
         <input_file_ref idref="fl-36"/>
      </object_component>
      <object_component id="oc-217">
         <name>.debug_info</name>
         <load_address>0x1e53f</load_address>
         <run_address>0x1e53f</run_address>
         <size>0x25a</size>
         <input_file_ref idref="fl-37"/>
      </object_component>
      <object_component id="oc-239">
         <name>.debug_info</name>
         <load_address>0x1e799</load_address>
         <run_address>0x1e799</run_address>
         <size>0x37b</size>
         <input_file_ref idref="fl-38"/>
      </object_component>
      <object_component id="oc-236">
         <name>.debug_info</name>
         <load_address>0x1eb14</load_address>
         <run_address>0x1eb14</run_address>
         <size>0xf3</size>
         <input_file_ref idref="fl-38"/>
      </object_component>
      <object_component id="oc-230">
         <name>.debug_info</name>
         <load_address>0x1ec07</load_address>
         <run_address>0x1ec07</run_address>
         <size>0xf3</size>
         <input_file_ref idref="fl-38"/>
      </object_component>
      <object_component id="oc-233">
         <name>.debug_info</name>
         <load_address>0x1ecfa</load_address>
         <run_address>0x1ecfa</run_address>
         <size>0xef</size>
         <input_file_ref idref="fl-38"/>
      </object_component>
      <object_component id="oc-22d">
         <name>.debug_info</name>
         <load_address>0x1ede9</load_address>
         <run_address>0x1ede9</run_address>
         <size>0x10d</size>
         <input_file_ref idref="fl-38"/>
      </object_component>
      <object_component id="oc-194">
         <name>.debug_info</name>
         <load_address>0x1eef6</load_address>
         <run_address>0x1eef6</run_address>
         <size>0x6da</size>
         <input_file_ref idref="fl-38"/>
      </object_component>
      <object_component id="oc-2bb">
         <name>.debug_info</name>
         <load_address>0x1f5d0</load_address>
         <run_address>0x1f5d0</run_address>
         <size>0x62</size>
         <input_file_ref idref="fl-38"/>
      </object_component>
      <object_component id="oc-90">
         <name>.debug_info</name>
         <load_address>0x1f632</load_address>
         <run_address>0x1f632</run_address>
         <size>0x147</size>
         <input_file_ref idref="fl-f3"/>
      </object_component>
      <object_component id="oc-3c">
         <name>.debug_info</name>
         <load_address>0x1f779</load_address>
         <run_address>0x1f779</run_address>
         <size>0x119</size>
         <input_file_ref idref="fl-f4"/>
      </object_component>
      <object_component id="oc-8e">
         <name>.debug_info</name>
         <load_address>0x1f892</load_address>
         <run_address>0x1f892</run_address>
         <size>0x2d4</size>
         <input_file_ref idref="fl-f5"/>
      </object_component>
      <object_component id="oc-50">
         <name>.debug_info</name>
         <load_address>0x1fb66</load_address>
         <run_address>0x1fb66</run_address>
         <size>0x1b5</size>
         <input_file_ref idref="fl-f5"/>
      </object_component>
      <object_component id="oc-89">
         <name>.debug_info</name>
         <load_address>0x1fd1b</load_address>
         <run_address>0x1fd1b</run_address>
         <size>0x46</size>
         <input_file_ref idref="fl-f5"/>
      </object_component>
      <object_component id="oc-c0">
         <name>.debug_info</name>
         <load_address>0x1fd61</load_address>
         <run_address>0x1fd61</run_address>
         <size>0x2c</size>
         <input_file_ref idref="fl-f5"/>
      </object_component>
      <object_component id="oc-46">
         <name>.debug_info</name>
         <load_address>0x1fd8d</load_address>
         <run_address>0x1fd8d</run_address>
         <size>0x2a8</size>
         <input_file_ref idref="fl-f6"/>
      </object_component>
      <object_component id="oc-1f">
         <name>.debug_info</name>
         <load_address>0x20035</load_address>
         <run_address>0x20035</run_address>
         <size>0x1ea</size>
         <input_file_ref idref="fl-f6"/>
      </object_component>
      <object_component id="oc-41">
         <name>.debug_info</name>
         <load_address>0x2021f</load_address>
         <run_address>0x2021f</run_address>
         <size>0x46</size>
         <input_file_ref idref="fl-f6"/>
      </object_component>
      <object_component id="oc-81">
         <name>.debug_info</name>
         <load_address>0x20265</load_address>
         <run_address>0x20265</run_address>
         <size>0x2c</size>
         <input_file_ref idref="fl-f6"/>
      </object_component>
      <object_component id="oc-7f">
         <name>.debug_info</name>
         <load_address>0x20291</load_address>
         <run_address>0x20291</run_address>
         <size>0x29e</size>
         <input_file_ref idref="fl-f7"/>
      </object_component>
      <object_component id="oc-16">
         <name>.debug_info</name>
         <load_address>0x2052f</load_address>
         <run_address>0x2052f</run_address>
         <size>0x250</size>
         <input_file_ref idref="fl-f7"/>
      </object_component>
      <object_component id="oc-31">
         <name>.debug_info</name>
         <load_address>0x2077f</load_address>
         <run_address>0x2077f</run_address>
         <size>0x60</size>
         <input_file_ref idref="fl-f7"/>
      </object_component>
      <object_component id="oc-b9">
         <name>.debug_info</name>
         <load_address>0x207df</load_address>
         <run_address>0x207df</run_address>
         <size>0x46</size>
         <input_file_ref idref="fl-f7"/>
      </object_component>
      <object_component id="oc-7a">
         <name>.debug_info</name>
         <load_address>0x20825</load_address>
         <run_address>0x20825</run_address>
         <size>0x39</size>
         <input_file_ref idref="fl-f7"/>
      </object_component>
      <object_component id="oc-25">
         <name>.debug_info</name>
         <load_address>0x2085e</load_address>
         <run_address>0x2085e</run_address>
         <size>0x10b</size>
         <input_file_ref idref="fl-f8"/>
      </object_component>
      <object_component id="oc-5a">
         <name>.debug_info</name>
         <load_address>0x20969</load_address>
         <run_address>0x20969</run_address>
         <size>0x1a9</size>
         <input_file_ref idref="fl-f8"/>
      </object_component>
      <object_component id="oc-15b">
         <name>.debug_info</name>
         <load_address>0x20b12</load_address>
         <run_address>0x20b12</run_address>
         <size>0x4b3</size>
         <input_file_ref idref="fl-f9"/>
      </object_component>
      <object_component id="oc-e3">
         <name>.debug_info</name>
         <load_address>0x20fc5</load_address>
         <run_address>0x20fc5</run_address>
         <size>0x1a6</size>
         <input_file_ref idref="fl-f9"/>
      </object_component>
      <object_component id="oc-203">
         <name>.debug_info</name>
         <load_address>0x2116b</load_address>
         <run_address>0x2116b</run_address>
         <size>0x39</size>
         <input_file_ref idref="fl-f9"/>
      </object_component>
      <object_component id="oc-2a1">
         <name>.debug_info</name>
         <load_address>0x211a4</load_address>
         <run_address>0x211a4</run_address>
         <size>0x39</size>
         <input_file_ref idref="fl-f9"/>
      </object_component>
      <object_component id="oc-208">
         <name>.debug_info</name>
         <load_address>0x211dd</load_address>
         <run_address>0x211dd</run_address>
         <size>0x39</size>
         <input_file_ref idref="fl-f9"/>
      </object_component>
      <object_component id="oc-20d">
         <name>.debug_info</name>
         <load_address>0x21216</load_address>
         <run_address>0x21216</run_address>
         <size>0xcd</size>
         <input_file_ref idref="fl-f9"/>
      </object_component>
      <object_component id="oc-96">
         <name>.debug_info</name>
         <load_address>0x212e3</load_address>
         <run_address>0x212e3</run_address>
         <size>0x153</size>
         <input_file_ref idref="fl-fa"/>
      </object_component>
      <object_component id="oc-d8">
         <name>.debug_info</name>
         <load_address>0x21436</load_address>
         <run_address>0x21436</run_address>
         <size>0x122</size>
         <input_file_ref idref="fl-fc"/>
      </object_component>
      <object_component id="oc-339">
         <name>.debug_info</name>
         <load_address>0x21558</load_address>
         <run_address>0x21558</run_address>
         <size>0xa1</size>
      </object_component>
      <object_component id="oc-115">
         <name>.debug_line</name>
         <load_address>0x0</load_address>
         <run_address>0x0</run_address>
         <size>0x6c</size>
         <input_file_ref idref="fl-2"/>
      </object_component>
      <object_component id="oc-9c">
         <name>.debug_line</name>
         <load_address>0x6c</load_address>
         <run_address>0x6c</run_address>
         <size>0x49</size>
         <input_file_ref idref="fl-2"/>
      </object_component>
      <object_component id="oc-123">
         <name>.debug_line</name>
         <load_address>0xb5</load_address>
         <run_address>0xb5</run_address>
         <size>0x48</size>
         <input_file_ref idref="fl-2"/>
      </object_component>
      <object_component id="oc-73">
         <name>.debug_line</name>
         <load_address>0xfd</load_address>
         <run_address>0xfd</run_address>
         <size>0x6f</size>
         <input_file_ref idref="fl-2"/>
      </object_component>
      <object_component id="oc-b5">
         <name>.debug_line</name>
         <load_address>0x16c</load_address>
         <run_address>0x16c</run_address>
         <size>0x20</size>
         <input_file_ref idref="fl-2"/>
      </object_component>
      <object_component id="oc-173">
         <name>.debug_line</name>
         <load_address>0x18c</load_address>
         <run_address>0x18c</run_address>
         <size>0x76</size>
         <input_file_ref idref="fl-2"/>
      </object_component>
      <object_component id="oc-b0">
         <name>.debug_line</name>
         <load_address>0x202</load_address>
         <run_address>0x202</run_address>
         <size>0x73</size>
         <input_file_ref idref="fl-2"/>
      </object_component>
      <object_component id="oc-1c3">
         <name>.debug_line</name>
         <load_address>0x275</load_address>
         <run_address>0x275</run_address>
         <size>0x6f</size>
         <input_file_ref idref="fl-2"/>
      </object_component>
      <object_component id="oc-78">
         <name>.debug_line</name>
         <load_address>0x2e4</load_address>
         <run_address>0x2e4</run_address>
         <size>0x70</size>
         <input_file_ref idref="fl-2"/>
      </object_component>
      <object_component id="oc-119">
         <name>.debug_line</name>
         <load_address>0x354</load_address>
         <run_address>0x354</run_address>
         <size>0x85</size>
         <input_file_ref idref="fl-2"/>
      </object_component>
      <object_component id="oc-11e">
         <name>.debug_line</name>
         <load_address>0x3d9</load_address>
         <run_address>0x3d9</run_address>
         <size>0x48</size>
         <input_file_ref idref="fl-2"/>
      </object_component>
      <object_component id="oc-6f">
         <name>.debug_line</name>
         <load_address>0x421</load_address>
         <run_address>0x421</run_address>
         <size>0x41</size>
         <input_file_ref idref="fl-3"/>
      </object_component>
      <object_component id="oc-2e">
         <name>.debug_line</name>
         <load_address>0x462</load_address>
         <run_address>0x462</run_address>
         <size>0x41</size>
         <input_file_ref idref="fl-3"/>
      </object_component>
      <object_component id="oc-28">
         <name>.debug_line</name>
         <load_address>0x4a3</load_address>
         <run_address>0x4a3</run_address>
         <size>0xa1</size>
         <input_file_ref idref="fl-3"/>
      </object_component>
      <object_component id="oc-39">
         <name>.debug_line</name>
         <load_address>0x544</load_address>
         <run_address>0x544</run_address>
         <size>0x20</size>
         <input_file_ref idref="fl-3"/>
      </object_component>
      <object_component id="oc-1ee">
         <name>.debug_line</name>
         <load_address>0x564</load_address>
         <run_address>0x564</run_address>
         <size>0x1d4</size>
         <input_file_ref idref="fl-5"/>
      </object_component>
      <object_component id="oc-ca">
         <name>.debug_line</name>
         <load_address>0x738</load_address>
         <run_address>0x738</run_address>
         <size>0xb6</size>
         <input_file_ref idref="fl-5"/>
      </object_component>
      <object_component id="oc-1f2">
         <name>.debug_line</name>
         <load_address>0x7ee</load_address>
         <run_address>0x7ee</run_address>
         <size>0x66</size>
         <input_file_ref idref="fl-8"/>
      </object_component>
      <object_component id="oc-1f0">
         <name>.debug_line</name>
         <load_address>0x854</load_address>
         <run_address>0x854</run_address>
         <size>0x41</size>
         <input_file_ref idref="fl-8"/>
      </object_component>
      <object_component id="oc-d2">
         <name>.debug_line</name>
         <load_address>0x895</load_address>
         <run_address>0x895</run_address>
         <size>0x5f</size>
         <input_file_ref idref="fl-8"/>
      </object_component>
      <object_component id="oc-2fc">
         <name>.debug_line</name>
         <load_address>0x8f4</load_address>
         <run_address>0x8f4</run_address>
         <size>0xf3</size>
         <input_file_ref idref="fl-9"/>
      </object_component>
      <object_component id="oc-23d">
         <name>.debug_line</name>
         <load_address>0x9e7</load_address>
         <run_address>0x9e7</run_address>
         <size>0x6b</size>
         <input_file_ref idref="fl-9"/>
      </object_component>
      <object_component id="oc-293">
         <name>.debug_line</name>
         <load_address>0xa52</load_address>
         <run_address>0xa52</run_address>
         <size>0xf3</size>
         <input_file_ref idref="fl-a"/>
      </object_component>
      <object_component id="oc-291">
         <name>.debug_line</name>
         <load_address>0xb45</load_address>
         <run_address>0xb45</run_address>
         <size>0x3c</size>
         <input_file_ref idref="fl-a"/>
      </object_component>
      <object_component id="oc-142">
         <name>.debug_line</name>
         <load_address>0xb81</load_address>
         <run_address>0xb81</run_address>
         <size>0x17f</size>
         <input_file_ref idref="fl-a"/>
      </object_component>
      <object_component id="oc-2e7">
         <name>.debug_line</name>
         <load_address>0xd00</load_address>
         <run_address>0xd00</run_address>
         <size>0xae</size>
         <input_file_ref idref="fl-c"/>
      </object_component>
      <object_component id="oc-286">
         <name>.debug_line</name>
         <load_address>0xdae</load_address>
         <run_address>0xdae</run_address>
         <size>0x37</size>
         <input_file_ref idref="fl-c"/>
      </object_component>
      <object_component id="oc-13c">
         <name>.debug_line</name>
         <load_address>0xde5</load_address>
         <run_address>0xde5</run_address>
         <size>0x82</size>
         <input_file_ref idref="fl-c"/>
      </object_component>
      <object_component id="oc-2eb">
         <name>.debug_line</name>
         <load_address>0xe67</load_address>
         <run_address>0xe67</run_address>
         <size>0x37</size>
         <input_file_ref idref="fl-c"/>
      </object_component>
      <object_component id="oc-279">
         <name>.debug_line</name>
         <load_address>0xe9e</load_address>
         <run_address>0xe9e</run_address>
         <size>0x40</size>
         <input_file_ref idref="fl-d"/>
      </object_component>
      <object_component id="oc-136">
         <name>.debug_line</name>
         <load_address>0xede</load_address>
         <run_address>0xede</run_address>
         <size>0xad</size>
         <input_file_ref idref="fl-d"/>
      </object_component>
      <object_component id="oc-29d">
         <name>.debug_line</name>
         <load_address>0xf8b</load_address>
         <run_address>0xf8b</run_address>
         <size>0xf4</size>
         <input_file_ref idref="fl-e"/>
      </object_component>
      <object_component id="oc-146">
         <name>.debug_line</name>
         <load_address>0x107f</load_address>
         <run_address>0x107f</run_address>
         <size>0xc8</size>
         <input_file_ref idref="fl-e"/>
      </object_component>
      <object_component id="oc-1b3">
         <name>.debug_line</name>
         <load_address>0x1147</load_address>
         <run_address>0x1147</run_address>
         <size>0xde</size>
         <input_file_ref idref="fl-13"/>
      </object_component>
      <object_component id="oc-2e5">
         <name>.debug_line</name>
         <load_address>0x1225</load_address>
         <run_address>0x1225</run_address>
         <size>0x6b</size>
         <input_file_ref idref="fl-1c"/>
      </object_component>
      <object_component id="oc-2df">
         <name>.debug_line</name>
         <load_address>0x1290</load_address>
         <run_address>0x1290</run_address>
         <size>0x3c</size>
         <input_file_ref idref="fl-1c"/>
      </object_component>
      <object_component id="oc-2e1">
         <name>.debug_line</name>
         <load_address>0x12cc</load_address>
         <run_address>0x12cc</run_address>
         <size>0x3c</size>
         <input_file_ref idref="fl-1c"/>
      </object_component>
      <object_component id="oc-2e3">
         <name>.debug_line</name>
         <load_address>0x1308</load_address>
         <run_address>0x1308</run_address>
         <size>0x3c</size>
         <input_file_ref idref="fl-1c"/>
      </object_component>
      <object_component id="oc-1d1">
         <name>.debug_line</name>
         <load_address>0x1344</load_address>
         <run_address>0x1344</run_address>
         <size>0x632</size>
         <input_file_ref idref="fl-1c"/>
      </object_component>
      <object_component id="oc-2f2">
         <name>.debug_line</name>
         <load_address>0x1976</load_address>
         <run_address>0x1976</run_address>
         <size>0x6b</size>
         <input_file_ref idref="fl-1e"/>
      </object_component>
      <object_component id="oc-2ee">
         <name>.debug_line</name>
         <load_address>0x19e1</load_address>
         <run_address>0x19e1</run_address>
         <size>0x3b</size>
         <input_file_ref idref="fl-1e"/>
      </object_component>
      <object_component id="oc-2f0">
         <name>.debug_line</name>
         <load_address>0x1a1c</load_address>
         <run_address>0x1a1c</run_address>
         <size>0x3b</size>
         <input_file_ref idref="fl-1e"/>
      </object_component>
      <object_component id="oc-1dc">
         <name>.debug_line</name>
         <load_address>0x1a57</load_address>
         <run_address>0x1a57</run_address>
         <size>0x68c</size>
         <input_file_ref idref="fl-1e"/>
      </object_component>
      <object_component id="oc-2d7">
         <name>.debug_line</name>
         <load_address>0x20e3</load_address>
         <run_address>0x20e3</run_address>
         <size>0x65</size>
         <input_file_ref idref="fl-1f"/>
      </object_component>
      <object_component id="oc-2cb">
         <name>.debug_line</name>
         <load_address>0x2148</load_address>
         <run_address>0x2148</run_address>
         <size>0x41</size>
         <input_file_ref idref="fl-1f"/>
      </object_component>
      <object_component id="oc-2cd">
         <name>.debug_line</name>
         <load_address>0x2189</load_address>
         <run_address>0x2189</run_address>
         <size>0x41</size>
         <input_file_ref idref="fl-1f"/>
      </object_component>
      <object_component id="oc-2cf">
         <name>.debug_line</name>
         <load_address>0x21ca</load_address>
         <run_address>0x21ca</run_address>
         <size>0x41</size>
         <input_file_ref idref="fl-1f"/>
      </object_component>
      <object_component id="oc-2d1">
         <name>.debug_line</name>
         <load_address>0x220b</load_address>
         <run_address>0x220b</run_address>
         <size>0x41</size>
         <input_file_ref idref="fl-1f"/>
      </object_component>
      <object_component id="oc-2d3">
         <name>.debug_line</name>
         <load_address>0x224c</load_address>
         <run_address>0x224c</run_address>
         <size>0x41</size>
         <input_file_ref idref="fl-1f"/>
      </object_component>
      <object_component id="oc-2d5">
         <name>.debug_line</name>
         <load_address>0x228d</load_address>
         <run_address>0x228d</run_address>
         <size>0x41</size>
         <input_file_ref idref="fl-1f"/>
      </object_component>
      <object_component id="oc-2c9">
         <name>.debug_line</name>
         <load_address>0x22ce</load_address>
         <run_address>0x22ce</run_address>
         <size>0x41</size>
         <input_file_ref idref="fl-1f"/>
      </object_component>
      <object_component id="oc-1ae">
         <name>.debug_line</name>
         <load_address>0x230f</load_address>
         <run_address>0x230f</run_address>
         <size>0x2bf</size>
         <input_file_ref idref="fl-1f"/>
      </object_component>
      <object_component id="oc-26b">
         <name>.debug_line</name>
         <load_address>0x25ce</load_address>
         <run_address>0x25ce</run_address>
         <size>0xf8</size>
         <input_file_ref idref="fl-28"/>
      </object_component>
      <object_component id="oc-265">
         <name>.debug_line</name>
         <load_address>0x26c6</load_address>
         <run_address>0x26c6</run_address>
         <size>0x3e</size>
         <input_file_ref idref="fl-28"/>
      </object_component>
      <object_component id="oc-269">
         <name>.debug_line</name>
         <load_address>0x2704</load_address>
         <run_address>0x2704</run_address>
         <size>0x3e</size>
         <input_file_ref idref="fl-28"/>
      </object_component>
      <object_component id="oc-24b">
         <name>.debug_line</name>
         <load_address>0x2742</load_address>
         <run_address>0x2742</run_address>
         <size>0x3e</size>
         <input_file_ref idref="fl-28"/>
      </object_component>
      <object_component id="oc-267">
         <name>.debug_line</name>
         <load_address>0x2780</load_address>
         <run_address>0x2780</run_address>
         <size>0x3e</size>
         <input_file_ref idref="fl-28"/>
      </object_component>
      <object_component id="oc-12f">
         <name>.debug_line</name>
         <load_address>0x27be</load_address>
         <run_address>0x27be</run_address>
         <size>0x97c</size>
         <input_file_ref idref="fl-28"/>
      </object_component>
      <object_component id="oc-26e">
         <name>.debug_line</name>
         <load_address>0x313a</load_address>
         <run_address>0x313a</run_address>
         <size>0x3e</size>
         <input_file_ref idref="fl-28"/>
      </object_component>
      <object_component id="oc-2dd">
         <name>.debug_line</name>
         <load_address>0x3178</load_address>
         <run_address>0x3178</run_address>
         <size>0x6b</size>
         <input_file_ref idref="fl-2b"/>
      </object_component>
      <object_component id="oc-2d9">
         <name>.debug_line</name>
         <load_address>0x31e3</load_address>
         <run_address>0x31e3</run_address>
         <size>0x3d</size>
         <input_file_ref idref="fl-2b"/>
      </object_component>
      <object_component id="oc-2db">
         <name>.debug_line</name>
         <load_address>0x3220</load_address>
[...]
         <object_component_ref idref="oc-1e5"/>
      </symbol>
      <symbol id="sm-65c">
         <name>UARTSmartCardDisable</name>
         <value>0x4463</value>
         <object_component_ref idref="oc-1e5"/>
      </symbol>
      <symbol id="sm-65d">
         <name>UARTDisable</name>
         <value>0x4397</value>
         <object_component_ref idref="oc-1e5"/>
      </symbol>
      <symbol id="sm-65e">
         <name>UART9BitDisable</name>
         <value>0x4779</value>
         <object_component_ref idref="oc-1e5"/>
      </symbol>
      <symbol id="sm-65f">
         <name>UARTFIFOLevelGet</name>
         <value>0x4289</value>
         <object_component_ref idref="oc-1e5"/>
      </symbol>
      <symbol id="sm-660">
         <name>UARTBusy</name>
         <value>0x4631</value>
         <object_component_ref idref="oc-1e5"/>
      </symbol>
      <symbol id="sm-661">
         <name>UARTDisableSIR</name>
         <value>0x441b</value>
         <object_component_ref idref="oc-1e5"/>
      </symbol>
      <symbol id="sm-662">
         <name>UARTLoopbackEnable</name>
         <value>0x47fd</value>
         <object_component_ref idref="oc-1e5"/>
      </symbol>
      <symbol id="sm-663">
         <name>UARTIntEnable</name>
         <value>0x468d</value>
         <object_component_ref idref="oc-1e5"/>
      </symbol>
      <symbol id="sm-664">
         <name>UARTCharsAvail</name>
         <value>0x4557</value>
         <object_component_ref idref="oc-1e5"/>
      </symbol>
      <symbol id="sm-665">
         <name>UARTCharGetNonBlocking</name>
         <value>0x4593</value>
         <object_component_ref idref="oc-1e5"/>
      </symbol>
      <symbol id="sm-666">
         <name>UARTClockSourceSet</name>
         <value>0x473f</value>
         <object_component_ref idref="oc-1e5"/>
      </symbol>
      <symbol id="sm-667">
         <name>UARTTxIntModeGet</name>
         <value>0x4545</value>
         <object_component_ref idref="oc-1e5"/>
      </symbol>
      <symbol id="sm-668">
         <name>UARTModemStatusGet</name>
         <value>0x44e7</value>
         <object_component_ref idref="oc-1e5"/>
      </symbol>
      <symbol id="sm-669">
         <name>UARTIntDisable</name>
         <value>0x46a5</value>
         <object_component_ref idref="oc-1e5"/>
      </symbol>
      <symbol id="sm-66a">
         <name>UARTCharPut</name>
         <value>0x45e9</value>
         <object_component_ref idref="oc-1e5"/>
      </symbol>
      <symbol id="sm-66b">
         <name>UARTParityModeSet</name>
         <value>0x4243</value>
         <object_component_ref idref="oc-1e5"/>
      </symbol>
      <symbol id="sm-66c">
         <name>UARTRxErrorGet</name>
         <value>0x471d</value>
         <object_component_ref idref="oc-1e5"/>
      </symbol>
      <symbol id="sm-66d">
         <name>UARTConfigGetExpClk</name>
         <value>0x4327</value>
         <object_component_ref idref="oc-1e5"/>
      </symbol>
      <symbol id="sm-66e">
         <name>UARTEnableSIR</name>
         <value>0x43ed</value>
         <object_component_ref idref="oc-1e5"/>
      </symbol>
      <symbol id="sm-66f">
         <name>UARTEnable</name>
         <value>0x4373</value>
         <object_component_ref idref="oc-1e5"/>
      </symbol>
      <symbol id="sm-670">
         <name>UART9BitAddrSend</name>
         <value>0x47b5</value>
         <object_component_ref idref="oc-1e5"/>
      </symbol>
      <symbol id="sm-671">
         <name>UARTModemControlGet</name>
         <value>0x44d5</value>
         <object_component_ref idref="oc-1e5"/>
      </symbol>
      <symbol id="sm-672">
         <name>UARTSmartCardEnable</name>
         <value>0x4431</value>
         <object_component_ref idref="oc-1e5"/>
      </symbol>
      <symbol id="sm-673">
         <name>UARTFlowControlGet</name>
         <value>0x4517</value>
         <object_component_ref idref="oc-1e5"/>
      </symbol>
      <symbol id="sm-674">
         <name>UARTFIFOEnable</name>
         <value>0x43c1</value>
         <object_component_ref idref="oc-1e5"/>
      </symbol>
      <symbol id="sm-675">
         <name>UARTIntClear</name>
         <value>0x46db</value>
         <object_component_ref idref="oc-1e5"/>
      </symbol>
      <symbol id="sm-676">
         <name>UARTIntStatus</name>
         <value>0x46bd</value>
         <object_component_ref idref="oc-1e5"/>
      </symbol>
      <symbol id="sm-677">
         <name>UARTDMADisable</name>
         <value>0x4705</value>
         <object_component_ref idref="oc-1e5"/>
      </symbol>
      <symbol id="sm-678">
         <name>UART9BitEnable</name>
         <value>0x4763</value>
         <object_component_ref idref="oc-1e5"/>
      </symbol>
      <symbol id="sm-679">
         <name>UARTSpaceAvail</name>
         <value>0x4575</value>
         <object_component_ref idref="oc-1e5"/>
      </symbol>
      <symbol id="sm-67a">
         <name>UARTCharGet</name>
         <value>0x45af</value>
         <object_component_ref idref="oc-1e5"/>
      </symbol>
      <symbol id="sm-67b">
         <name>UARTFIFOLevelSet</name>
         <value>0x4271</value>
         <object_component_ref idref="oc-1e5"/>
      </symbol>
      <symbol id="sm-67c">
         <name>UARTModemControlClear</name>
         <value>0x44b1</value>
         <object_component_ref idref="oc-1e5"/>
      </symbol>
      <symbol id="sm-67d">
         <name>UARTParityModeGet</name>
         <value>0x425f</value>
         <object_component_ref idref="oc-1e5"/>
      </symbol>
      <symbol id="sm-67e">
         <name>UARTIntRegister</name>
         <value>0x464f</value>
         <object_component_ref idref="oc-1e5"/>
      </symbol>
      <symbol id="sm-67f">
         <name>UARTBreakCtl</name>
         <value>0x4607</value>
         <object_component_ref idref="oc-1e5"/>
      </symbol>
      <symbol id="sm-680">
         <name>UART9BitAddrSet</name>
         <value>0x478f</value>
         <object_component_ref idref="oc-1e5"/>
      </symbol>
      <symbol id="sm-6ad">
         <name>uxListRemove</name>
         <value>0x53cf</value>
         <object_component_ref idref="oc-17b"/>
      </symbol>
      <symbol id="sm-6ae">
         <name>vListInsert</name>
         <value>0x5369</value>
         <object_component_ref idref="oc-17b"/>
      </symbol>
      <symbol id="sm-6af">
         <name>vListInitialiseItem</name>
         <value>0x531d</value>
         <object_component_ref idref="oc-17b"/>
      </symbol>
      <symbol id="sm-6b0">
         <name>vListInsertEnd</name>
         <value>0x532d</value>
         <object_component_ref idref="oc-17b"/>
      </symbol>
      <symbol id="sm-6b1">
         <name>vListInitialise</name>
         <value>0x52ed</value>
         <object_component_ref idref="oc-17b"/>
      </symbol>
      <symbol id="sm-873">
         <name>vTaskDelay</name>
         <value>0x4c7</value>
         <object_component_ref idref="oc-125"/>
      </symbol>
      <symbol id="sm-874">
         <name>vTaskSuspendAll</name>
         <value>0x935</value>
         <object_component_ref idref="oc-125"/>
      </symbol>
      <symbol id="sm-875">
         <name>vTaskPriorityInherit</name>
         <value>0x13a9</value>
         <object_component_ref idref="oc-125"/>
      </symbol>
      <symbol id="sm-876">
         <name>vTaskPlaceOnEventList</name>
         <value>0xcf9</value>
         <object_component_ref idref="oc-125"/>
      </symbol>
      <symbol id="sm-877">
         <name>vTaskSetTaskNumber</name>
         <value>0xf8d</value>
         <object_component_ref idref="oc-125"/>
      </symbol>
      <symbol id="sm-878">
         <name>uxTaskPriorityGetFromISR</name>
         <value>0x551</value>
         <object_component_ref idref="oc-125"/>
      </symbol>
      <symbol id="sm-879">
         <name>ulTaskNotifyTake</name>
         <value>0x1539</value>
         <object_component_ref idref="oc-125"/>
      </symbol>
      <symbol id="sm-87a">
         <name>xTaskCheckForTimeOut</name>
         <value>0xee1</value>
         <object_component_ref idref="oc-125"/>
      </symbol>
      <symbol id="sm-87b">
         <name>xTaskRemoveFromUnorderedEventList</name>
         <value>0xe51</value>
         <object_component_ref idref="oc-125"/>
      </symbol>
      <symbol id="sm-87c">
         <name>vTaskPrioritySet</name>
         <value>0x5a9</value>
         <object_component_ref idref="oc-125"/>
      </symbol>
      <symbol id="sm-87d">
         <name>xTaskPriorityDisinherit</name>
         <value>0x1463</value>
         <object_component_ref idref="oc-125"/>
      </symbol>
      <symbol id="sm-87e">
         <name>vTaskStartScheduler</name>
         <value>0x8c1</value>
         <object_component_ref idref="oc-125"/>
      </symbol>
      <symbol id="sm-87f">
         <name>xTaskNotifyStateClear</name>
         <value>0x1983</value>
         <object_component_ref idref="oc-125"/>
      </symbol>
      <symbol id="sm-880">
         <name>pvTaskIncrementMutexHeldCount</name>
         <value>0x1521</value>
         <object_component_ref idref="oc-125"/>
      </symbol>
      <symbol id="sm-881">
         <name>uxTaskGetStackHighWaterMark</name>
         <value>0x12fd</value>
         <object_component_ref idref="oc-125"/>
      </symbol>
      <symbol id="sm-882">
         <name>xTaskGenericNotify</name>
         <value>0x16e3</value>
         <object_component_ref idref="oc-125"/>
      </symbol>
      <symbol id="sm-883">
         <name>vTaskDelayUntil</name>
         <value>0x41f</value>
         <object_component_ref idref="oc-125"/>
      </symbol>
      <symbol id="sm-884">
         <name>uxTaskGetTaskNumber</name>
         <value>0xf6d</value>
         <object_component_ref idref="oc-125"/>
      </symbol>
      <symbol id="sm-885">
         <name>vTaskEndScheduler</name>
         <value>0x919</value>
         <object_component_ref idref="oc-125"/>
      </symbol>
      <symbol id="sm-886">
         <name>xTaskNotifyWait</name>
         <value>0x15fd</value>
         <object_component_ref idref="oc-125"/>
      </symbol>
      <symbol id="sm-887">
         <name>vTaskMissedYield</name>
         <value>0xf5b</value>
         <object_component_ref idref="oc-125"/>
      </symbol>
      <symbol id="sm-888">
         <name>uxTaskGetNumberOfTasks</name>
         <value>0xa49</value>
         <object_component_ref idref="oc-125"/>
      </symbol>
      <symbol id="sm-889">
         <name>xTaskGenericNotifyFromISR</name>
         <value>0x17d5</value>
         <object_component_ref idref="oc-125"/>
      </symbol>
      <symbol id="sm-88a">
         <name>uxTaskPriorityGet</name>
         <value>0x523</value>
         <object_component_ref idref="oc-125"/>
      </symbol>
      <symbol id="sm-88b">
         <name>xTaskResumeAll</name>
         <value>0x94d</value>
         <object_component_ref idref="oc-125"/>
      </symbol>
      <symbol id="sm-88c">
         <name>xTaskGetTickCount</name>
         <value>0xa21</value>
         <object_component_ref idref="oc-125"/>
      </symbol>
      <symbol id="sm-88d">
         <name>xTaskGenericCreate</name>
         <value>0x26d</value>
         <object_component_ref idref="oc-125"/>
      </symbol>
      <symbol id="sm-88e">
         <name>uxTaskGetSystemState</name>
         <value>0xa55</value>
         <object_component_ref idref="oc-125"/>
      </symbol>
      <symbol id="sm-88f">
         <name>vTaskDelete</name>
         <value>0x383</value>
         <object_component_ref idref="oc-125"/>
      </symbol>
      <symbol id="sm-890">
         <name>pxCurrentTCB</name>
         <value>0x20007b58</value>
         <object_component_ref idref="oc-181"/>
      </symbol>
      <symbol id="sm-891">
         <name>vTaskNotifyGiveFromISR</name>
         <value>0x18dd</value>
         <object_component_ref idref="oc-125"/>
      </symbol>
      <symbol id="sm-892">
         <name>vTaskSuspend</name>
         <value>0x6bd</value>
         <object_component_ref idref="oc-125"/>
      </symbol>
      <symbol id="sm-893">
         <name>xTaskGetTickCountFromISR</name>
         <value>0xa31</value>
         <object_component_ref idref="oc-125"/>
      </symbol>
      <symbol id="sm-894">
         <name>vTaskResume</name>
         <value>0x7af</value>
         <object_component_ref idref="oc-125"/>
      </symbol>
      <symbol id="sm-895">
         <name>vTaskSetTimeOutState</name>
         <value>0xec3</value>
         <object_component_ref idref="oc-125"/>
      </symbol>
      <symbol id="sm-896">
         <name>xTaskIncrementTick</name>
         <value>0xb29</value>
         <object_component_ref idref="oc-125"/>
      </symbol>
      <symbol id="sm-897">
         <name>vTaskSwitchContext</name>
         <value>0xc4d</value>
         <object_component_ref idref="oc-125"/>
      </symbol>
      <symbol id="sm-898">
         <name>uxTaskResetEventItemValue</name>
         <value>0x14ff</value>
         <object_component_ref idref="oc-125"/>
      </symbol>
      <symbol id="sm-899">
         <name>xTaskResumeFromISR</name>
         <value>0x831</value>
         <object_component_ref idref="oc-125"/>
      </symbol>
      <symbol id="sm-89a">
         <name>xTaskGetCurrentTaskHandle</name>
         <value>0x138b</value>
         <object_component_ref idref="oc-125"/>
      </symbol>
      <symbol id="sm-89b">
         <name>vTaskPlaceOnUnorderedEventList</name>
         <value>0xd61</value>
         <object_component_ref idref="oc-125"/>
      </symbol>
      <symbol id="sm-89c">
         <name>xTaskRemoveFromEventList</name>
         <value>0xdd5</value>
         <object_component_ref idref="oc-125"/>
      </symbol>
      <symbol id="sm-8cb">
         <name>ulMaxSyscallInterruptPriority</name>
         <value>0x6288</value>
         <object_component_ref idref="oc-2ad"/>
      </symbol>
      <symbol id="sm-8cc">
         <name>vPortSetupTimerInterrupt</name>
         <value>0x5513</value>
         <object_component_ref idref="oc-175"/>
      </symbol>
      <symbol id="sm-8cd">
         <name>vPortEndScheduler</name>
         <value>0x54b5</value>
         <object_component_ref idref="oc-175"/>
      </symbol>
      <symbol id="sm-8ce">
         <name>xPortSysTickHandler</name>
         <value>0x54ed</value>
         <object_component_ref idref="oc-175"/>
      </symbol>
      <symbol id="sm-8cf">
         <name>pxPortInitialiseStack</name>
         <value>0x5419</value>
         <object_component_ref idref="oc-175"/>
      </symbol>
      <symbol id="sm-8d0">
         <name>vPortExitCritical</name>
         <value>0x54d7</value>
         <object_component_ref idref="oc-175"/>
      </symbol>
      <symbol id="sm-8d1">
         <name>xPortStartScheduler</name>
         <value>0x547f</value>
         <object_component_ref idref="oc-175"/>
      </symbol>
      <symbol id="sm-8d2">
         <name>vPortEnterCritical</name>
         <value>0x54b7</value>
         <object_component_ref idref="oc-175"/>
      </symbol>
      <symbol id="sm-8e1">
         <name>vPortStartFirstTask</name>
         <value>0x56c1</value>
         <object_component_ref idref="oc-214"/>
      </symbol>
      <symbol id="sm-8e2">
         <name>ulPortGetIPSR</name>
         <value>0x5629</value>
         <object_component_ref idref="oc-214"/>
      </symbol>
      <symbol id="sm-8e3">
         <name>vPortEnableVFP</name>
         <value>0x56dd</value>
         <object_component_ref idref="oc-214"/>
      </symbol>
      <symbol id="sm-8e4">
         <name>xPortPendSVHandler</name>
         <value>0x5641</value>
         <object_component_ref idref="oc-214"/>
      </symbol>
      <symbol id="sm-8e5">
         <name>vPortSVCHandler</name>
         <value>0x56a1</value>
         <object_component_ref idref="oc-214"/>
      </symbol>
      <symbol id="sm-92c">
         <name>vPortInitialiseBlocks</name>
         <value>0x5291</value>
         <object_component_ref idref="oc-193"/>
      </symbol>
      <symbol id="sm-92d">
         <name>xPortGetFreeHeapSize</name>
         <value>0x528b</value>
         <object_component_ref idref="oc-193"/>
      </symbol>
      <symbol id="sm-92e">
         <name>pvPortMalloc</name>
         <value>0x5135</value>
         <object_component_ref idref="oc-193"/>
      </symbol>
      <symbol id="sm-92f">
         <name>vPortFree</name>
         <value>0x522d</value>
         <object_component_ref idref="oc-193"/>
      </symbol>
      <symbol id="sm-93f">
         <name>__aeabi_memset</name>
         <value>0x5933</value>
         <object_component_ref idref="oc-8f"/>
      </symbol>
      <symbol id="sm-940">
         <name>memset</name>
         <value>0x5939</value>
         <object_component_ref idref="oc-8f"/>
      </symbol>
      <symbol id="sm-941">
         <name>__aeabi_memset8</name>
         <value>0x5933</value>
         <object_component_ref idref="oc-8f"/>
      </symbol>
      <symbol id="sm-942">
         <name>__aeabi_memset4</name>
         <value>0x5933</value>
         <object_component_ref idref="oc-8f"/>
      </symbol>
      <symbol id="sm-943">
         <name>__aeabi_memclr8</name>
         <value>0x5931</value>
         <object_component_ref idref="oc-8f"/>
      </symbol>
      <symbol id="sm-944">
         <name>__aeabi_memclr4</name>
         <value>0x5931</value>
         <object_component_ref idref="oc-8f"/>
      </symbol>
      <symbol id="sm-945">
         <name>__aeabi_memclr</name>
         <value>0x5931</value>
         <object_component_ref idref="oc-8f"/>
      </symbol>
      <symbol id="sm-960">
         <name>memcpy</name>
         <value>0x5795</value>
         <object_component_ref idref="oc-3b"/>
      </symbol>
      <symbol id="sm-961">
         <name>__aeabi_memcpy</name>
         <value>0x5795</value>
         <object_component_ref idref="oc-3b"/>
      </symbol>
      <symbol id="sm-962">
         <name>__aeabi_memcpy8</name>
         <value>0x5795</value>
         <object_component_ref idref="oc-3b"/>
      </symbol>
      <symbol id="sm-963">
         <name>__aeabi_memcpy4</name>
         <value>0x5795</value>
         <object_component_ref idref="oc-3b"/>
      </symbol>
      <symbol id="sm-97a">
         <name>__TI_zero_init</name>
         <value>0x5b3b</value>
         <object_component_ref idref="oc-4d"/>
      </symbol>
      <symbol id="sm-991">
         <name>__TI_decompress_none</name>
         <value>0x5b2d</value>
         <object_component_ref idref="oc-1b"/>
      </symbol>
      <symbol id="sm-9b4">
         <name>__TI_decompress_lzss</name>
         <value>0x59ab</value>
         <object_component_ref idref="oc-15"/>
      </symbol>
      <symbol id="sm-9c7">
         <name>__stack</name>
         <value>0x20007958</value>
         <object_component_ref idref="oc-24"/>
      </symbol>
      <symbol id="sm-9c8">
         <name>_c_int00_noargs</name>
         <value>0x5ae5</value>
         <object_component_ref idref="oc-59"/>
      </symbol>
      <symbol id="sm-9f0">
         <name>__TI_auto_init_nobinit_nopinit</name>
         <value>0x5a61</value>
         <object_component_ref idref="oc-e2"/>
      </symbol>
      <symbol id="sm-9fa">
         <name>_system_pre_init</name>
         <value>0x5b59</value>
         <object_component_ref idref="oc-95"/>
      </symbol>
      <symbol id="sm-a06">
         <name>C$$EXIT</name>
         <value>0x5b5d</value>
         <object_component_ref idref="oc-d6"/>
      </symbol>
      <symbol id="sm-a07">
         <name>abort</name>
         <value>0x5b5d</value>
         <object_component_ref idref="oc-d6"/>
      </symbol>
      <symbol id="sm-a0a">
         <name>__TI_static_base__</name>
         <value>0x0</value>
      </symbol>
      <symbol id="sm-a0d">
         <name>__mpu_init</name>
         <value>0x0</value>
      </symbol>
      <symbol id="sm-a0e">
         <name>_system_post_cinit</name>
         <value>0x0</value>
      </symbol>
   </symbol_table>
   <title>Link successful</title>
</link_info>
